Archive member included to satisfy reference by file (symbol)

/opt/st/stm32cubeide_1.19.0/plugins/com.st.stm32cube.ide.mcu.externaltools.gnu-tools-for-stm32.13.3.rel1.linux64_1.0.0.202410170706/tools/bin/../lib/gcc/arm-none-eabi/13.3.1/../../../../arm-none-eabi/lib/thumb/v7e-m+fp/hard/libm.a(libm_a-wf_pow.o)
                              ./Core/Src/main.o (powf)
/opt/st/stm32cubeide_1.19.0/plugins/com.st.stm32cube.ide.mcu.externaltools.gnu-tools-for-stm32.13.3.rel1.linux64_1.0.0.202410170706/tools/bin/../lib/gcc/arm-none-eabi/13.3.1/../../../../arm-none-eabi/lib/thumb/v7e-m+fp/hard/libm.a(libm_a-sf_sin.o)
                              ./Core/Src/audio_engine.o (sinf)
/opt/st/stm32cubeide_1.19.0/plugins/com.st.stm32cube.ide.mcu.externaltools.gnu-tools-for-stm32.13.3.rel1.linux64_1.0.0.202410170706/tools/bin/../lib/gcc/arm-none-eabi/13.3.1/../../../../arm-none-eabi/lib/thumb/v7e-m+fp/hard/libm.a(libm_a-sf_finite.o)
                              /opt/st/stm32cubeide_1.19.0/plugins/com.st.stm32cube.ide.mcu.externaltools.gnu-tools-for-stm32.13.3.rel1.linux64_1.0.0.202410170706/tools/bin/../lib/gcc/arm-none-eabi/13.3.1/../../../../arm-none-eabi/lib/thumb/v7e-m+fp/hard/libm.a(libm_a-wf_pow.o) (finitef)
/opt/st/stm32cubeide_1.19.0/plugins/com.st.stm32cube.ide.mcu.externaltools.gnu-tools-for-stm32.13.3.rel1.linux64_1.0.0.202410170706/tools/bin/../lib/gcc/arm-none-eabi/13.3.1/../../../../arm-none-eabi/lib/thumb/v7e-m+fp/hard/libm.a(libm_a-kf_cos.o)
                              /opt/st/stm32cubeide_1.19.0/plugins/com.st.stm32cube.ide.mcu.externaltools.gnu-tools-for-stm32.13.3.rel1.linux64_1.0.0.202410170706/tools/bin/../lib/gcc/arm-none-eabi/13.3.1/../../../../arm-none-eabi/lib/thumb/v7e-m+fp/hard/libm.a(libm_a-sf_sin.o) (__kernel_cosf)
/opt/st/stm32cubeide_1.19.0/plugins/com.st.stm32cube.ide.mcu.externaltools.gnu-tools-for-stm32.13.3.rel1.linux64_1.0.0.202410170706/tools/bin/../lib/gcc/arm-none-eabi/13.3.1/../../../../arm-none-eabi/lib/thumb/v7e-m+fp/hard/libm.a(libm_a-kf_sin.o)
                              /opt/st/stm32cubeide_1.19.0/plugins/com.st.stm32cube.ide.mcu.externaltools.gnu-tools-for-stm32.13.3.rel1.linux64_1.0.0.202410170706/tools/bin/../lib/gcc/arm-none-eabi/13.3.1/../../../../arm-none-eabi/lib/thumb/v7e-m+fp/hard/libm.a(libm_a-sf_sin.o) (__kernel_sinf)
/opt/st/stm32cubeide_1.19.0/plugins/com.st.stm32cube.ide.mcu.externaltools.gnu-tools-for-stm32.13.3.rel1.linux64_1.0.0.202410170706/tools/bin/../lib/gcc/arm-none-eabi/13.3.1/../../../../arm-none-eabi/lib/thumb/v7e-m+fp/hard/libm.a(libm_a-ef_pow.o)
                              /opt/st/stm32cubeide_1.19.0/plugins/com.st.stm32cube.ide.mcu.externaltools.gnu-tools-for-stm32.13.3.rel1.linux64_1.0.0.202410170706/tools/bin/../lib/gcc/arm-none-eabi/13.3.1/../../../../arm-none-eabi/lib/thumb/v7e-m+fp/hard/libm.a(libm_a-wf_pow.o) (__ieee754_powf)
/opt/st/stm32cubeide_1.19.0/plugins/com.st.stm32cube.ide.mcu.externaltools.gnu-tools-for-stm32.13.3.rel1.linux64_1.0.0.202410170706/tools/bin/../lib/gcc/arm-none-eabi/13.3.1/../../../../arm-none-eabi/lib/thumb/v7e-m+fp/hard/libm.a(libm_a-ef_rem_pio2.o)
                              /opt/st/stm32cubeide_1.19.0/plugins/com.st.stm32cube.ide.mcu.externaltools.gnu-tools-for-stm32.13.3.rel1.linux64_1.0.0.202410170706/tools/bin/../lib/gcc/arm-none-eabi/13.3.1/../../../../arm-none-eabi/lib/thumb/v7e-m+fp/hard/libm.a(libm_a-sf_sin.o) (__ieee754_rem_pio2f)
/opt/st/stm32cubeide_1.19.0/plugins/com.st.stm32cube.ide.mcu.externaltools.gnu-tools-for-stm32.13.3.rel1.linux64_1.0.0.202410170706/tools/bin/../lib/gcc/arm-none-eabi/13.3.1/../../../../arm-none-eabi/lib/thumb/v7e-m+fp/hard/libm.a(libm_a-sf_fabs.o)
                              /opt/st/stm32cubeide_1.19.0/plugins/com.st.stm32cube.ide.mcu.externaltools.gnu-tools-for-stm32.13.3.rel1.linux64_1.0.0.202410170706/tools/bin/../lib/gcc/arm-none-eabi/13.3.1/../../../../arm-none-eabi/lib/thumb/v7e-m+fp/hard/libm.a(libm_a-ef_pow.o) (fabsf)
/opt/st/stm32cubeide_1.19.0/plugins/com.st.stm32cube.ide.mcu.externaltools.gnu-tools-for-stm32.13.3.rel1.linux64_1.0.0.202410170706/tools/bin/../lib/gcc/arm-none-eabi/13.3.1/../../../../arm-none-eabi/lib/thumb/v7e-m+fp/hard/libm.a(libm_a-sf_scalbn.o)
                              /opt/st/stm32cubeide_1.19.0/plugins/com.st.stm32cube.ide.mcu.externaltools.gnu-tools-for-stm32.13.3.rel1.linux64_1.0.0.202410170706/tools/bin/../lib/gcc/arm-none-eabi/13.3.1/../../../../arm-none-eabi/lib/thumb/v7e-m+fp/hard/libm.a(libm_a-ef_pow.o) (scalbnf)
/opt/st/stm32cubeide_1.19.0/plugins/com.st.stm32cube.ide.mcu.externaltools.gnu-tools-for-stm32.13.3.rel1.linux64_1.0.0.202410170706/tools/bin/../lib/gcc/arm-none-eabi/13.3.1/../../../../arm-none-eabi/lib/thumb/v7e-m+fp/hard/libm.a(libm_a-math_errf.o)
[...]
Memory Configuration

Name             Origin             Length             Attributes
CCMRAM           0x10000000         0x00010000         xrw
RAM              0x20000000         0x00030000         xrw
FLASH            0x08000000         0x00200000         xr
*default*        0x00000000         0xffffffff

Linker script and memory map

LOAD /opt/st/stm32cubeide_1.19.0/plugins/com.st.stm32cube.ide.mcu.externaltools.gnu-tools-for-stm32.13.3.rel1.linux64_1.0.0.202410170706/tools/bin/../lib/gcc/arm-none-eabi/13.3.1/thumb/v7e-m+fp/hard/crti.o
LOAD /opt/st/stm32cubeide_1.19.0/plugins/com.st.stm32cube.ide.mcu.externaltools.gnu-tools-for-stm32.13.3.rel1.linux64_1.0.0.202410170706/tools/bin/../lib/gcc/arm-none-eabi/13.3.1/thumb/v7e-m+fp/hard/crtbegin.o
LOAD /opt/st/stm32cubeide_1.19.0/plugins/com.st.stm32cube.ide.mcu.externaltools.gnu-tools-for-stm32.13.3.rel1.linux64_1.0.0.202410170706/tools/bin/../lib/gcc/arm-none-eabi/13.3.1/../../../../arm-none-eabi/lib/thumb/v7e-m+fp/hard/crt0.o
LOAD ./Core/Src/audio_engine.o
LOAD ./Core/Src/main.o
LOAD ./Core/Src/stm32f4xx_hal_msp.o
LOAD ./Core/Src/stm32f4xx_it.o
LOAD ./Core/Src/syscalls.o
LOAD ./Core/Src/sysmem.o
LOAD ./Core/Src/system_stm32f4xx.o
LOAD ./Core/Startup/startup_stm32f429zitx.o
LOAD ./Drivers/BSP/Components/ili9341/ili9341.o
LOAD ./Drivers/BSP/Components/stmpe811/stmpe811.o
LOAD ./Drivers/BSP/Components/stmpe811/stmpe811_reg.o
LOAD ./Drivers/BSP/my_Board/stm32f429i_discovery.o
LOAD ./Drivers/BSP/my_Board/stm32f429i_discovery_io.o
LOAD ./Drivers/BSP/my_Board/stm32f429i_discovery_lcd.o
LOAD ./Drivers/BSP/my_Board/stm32f429i_discovery_sdram.o
LOAD ./Drivers/BSP/my_Board/stm32f429i_discovery_ts.o
LOAD ./Drivers/STM32F4xx_HAL_Driver/Src/stm32f4xx_hal.o
LOAD ./Drivers/STM32F4xx_HAL_Driver/Src/stm32f4xx_hal_cortex.o
LOAD ./Drivers/STM32F4xx_HAL_Driver/Src/stm32f4xx_hal_dac.o
LOAD ./Drivers/STM32F4xx_HAL_Driver/Src/stm32f4xx_hal_dac_ex.o
LOAD ./Drivers/STM32F4xx_HAL_Driver/Src/stm32f4xx_hal_dma.o
LOAD ./Drivers/STM32F4xx_HAL_Driver/Src/stm32f4xx_hal_dma2d.o
LOAD ./Drivers/STM32F4xx_HAL_Driver/Src/stm32f4xx_hal_dma_ex.o
LOAD ./Drivers/STM32F4xx_HAL_Driver/Src/stm32f4xx_hal_dsi.o
LOAD ./Drivers/STM32F4xx_HAL_Driver/Src/stm32f4xx_hal_exti.o
LOAD ./Drivers/STM32F4xx_HAL_Driver/Src/stm32f4xx_hal_flash.o
LOAD ./Drivers/STM32F4xx_HAL_Driver/Src/stm32f4xx_hal_flash_ex.o
LOAD ./Drivers/STM32F4xx_HAL_Driver/Src/stm32f4xx_hal_flash_ramfunc.o
LOAD ./Drivers/STM32F4xx_HAL_Driver/Src/stm32f4xx_hal_gpio.o
LOAD ./Drivers/STM32F4xx_HAL_Driver/Src/stm32f4xx_hal_i2c.o
LOAD ./Drivers/STM32F4xx_HAL_Driver/Src/stm32f4xx_hal_i2c_ex.o
LOAD ./Drivers/STM32F4xx_HAL_Driver/Src/stm32f4xx_hal_ltdc.o
LOAD ./Drivers/STM32F4xx_HAL_Driver/Src/stm32f4xx_hal_ltdc_ex.o
LOAD ./Drivers/STM32F4xx_HAL_Driver/Src/stm32f4xx_hal_nand.o
LOAD ./Drivers/STM32F4xx_HAL_Driver/Src/stm32f4xx_hal_nor.o
LOAD ./Drivers/STM32F4xx_HAL_Driver/Src/stm32f4xx_hal_pccard.o
LOAD ./Drivers/STM32F4xx_HAL_Driver/Src/stm32f4xx_hal_pcd.o
LOAD ./Drivers/STM32F4xx_HAL_Driver/Src/stm32f4xx_hal_pcd_ex.o
LOAD ./Drivers/STM32F4xx_HAL_Driver/Src/stm32f4xx_hal_pwr.o
LOAD ./Drivers/STM32F4xx_HAL_Driver/Src/stm32f4xx_hal_pwr_ex.o
LOAD ./Drivers/STM32F4xx_HAL_Driver/Src/stm32f4xx_hal_rcc.o
LOAD ./Drivers/STM32F4xx_HAL_Driver/Src/stm32f4xx_hal_rcc_ex.o
LOAD ./Drivers/STM32F4xx_HAL_Driver/Src/stm32f4xx_hal_sdram.o
LOAD ./Drivers/STM32F4xx_HAL_Driver/Src/stm32f4xx_hal_spi.o
LOAD ./Drivers/STM32F4xx_HAL_Driver/Src/stm32f4xx_hal_sram.o
LOAD ./Drivers/STM32F4xx_HAL_Driver/Src/stm32f4xx_hal_tim.o
LOAD ./Drivers/STM32F4xx_HAL_Driver/Src/stm32f4xx_hal_tim_ex.o
LOAD ./Drivers/STM32F4xx_HAL_Driver/Src/stm32f4xx_hal_uart.o
LOAD ./Drivers/STM32F4xx_HAL_Driver/Src/stm32f4xx_ll_fmc.o
LOAD ./Drivers/STM32F4xx_HAL_Driver/Src/stm32f4xx_ll_usb.o
LOAD ./Middlewares/ST/STM32_USB_Device_Library/Class/HID/Src/usbd_hid.o
LOAD ./Middlewares/ST/STM32_USB_Device_Library/Class/MIDI/Src/usbd_midi.o
LOAD ./Middlewares/ST/STM32_USB_Device_Library/Core/Src/usbd_core.o
LOAD ./Middlewares/ST/STM32_USB_Device_Library/Core/Src/usbd_ctlreq.o
LOAD ./Middlewares/ST/STM32_USB_Device_Library/Core/Src/usbd_ioreq.o
LOAD ./USB_DEVICE/App/usb_device.o
LOAD ./USB_DEVICE/App/usbd_desc.o
LOAD ./USB_DEVICE/Target/usbd_conf.o
START GROUP
LOAD /opt/st/stm32cubeide_1.19.0/plugins/com.st.stm32cube.ide.mcu.externaltools.gnu-tools-for-stm32.13.3.rel1.linux64_1.0.0.202410170706/tools/bin/../lib/gcc/arm-none-eabi/13.3.1/../../../../arm-none-eabi/lib/thumb/v7e-m+fp/hard/libstdc++_nano.a
LOAD /opt/st/stm32cubeide_1.19.0/plugins/com.st.stm32cube.ide.mcu.externaltools.gnu-tools-for-stm32.13.3.rel1.linux64_1.0.0.202410170706/tools/bin/../lib/gcc/arm-none-eabi/13.3.1/../../../../arm-none-eabi/lib/thumb/v7e-m+fp/hard/libsupc++_nano.a
END GROUP
LOAD /opt/st/stm32cubeide_1.19.0/plugins/com.st.stm32cube.ide.mcu.externaltools.gnu-tools-for-stm32.13.3.rel1.linux64_1.0.0.202410170706/tools/bin/../lib/gcc/arm-none-eabi/13.3.1/../../../../arm-none-eabi/lib/thumb/v7e-m+fp/hard/libstdc++_nano.a
LOAD /opt/st/stm32cubeide_1.19.0/plugins/com.st.stm32cube.ide.mcu.externaltools.gnu-tools-for-stm32.13.3.rel1.linux64_1.0.0.202410170706/tools/bin/../lib/gcc/arm-none-eabi/13.3.1/../../../../arm-none-eabi/lib/thumb/v7e-m+fp/hard/libm.a
LOAD /opt/st/stm32cubeide_1.19.0/plugins/com.st.stm32cube.ide.mcu.externaltools.gnu-tools-for-stm32.13.3.rel1.linux64_1.0.0.202410170706/tools/bin/../lib/gcc/arm-none-eabi/13.3.1/../../../../arm-none-eabi/lib/thumb/v7e-m+fp/hard/libc_nano.a
START GROUP
LOAD /opt/st/stm32cubeide_1.19.0/plugins/com.st.stm32cube.ide.mcu.externaltools.gnu-tools-for-stm32.13.3.rel1.linux64_1.0.0.202410170706/tools/bin/../lib/gcc/arm-none-eabi/13.3.1/thumb/v7e-m+fp/hard/libgcc.a
LOAD /opt/st/stm32cubeide_1.19.0/plugins/com.st.stm32cube.ide.mcu.externaltools.gnu-tools-for-stm32.13.3.rel1.linux64_1.0.0.202410170706/tools/bin/../lib/gcc/arm-none-eabi/13.3.1/../../../../arm-none-eabi/lib/thumb/v7e-m+fp/hard/libc_nano.a
END GROUP
START GROUP
LOAD /opt/st/stm32cubeide_1.19.0/plugins/com.st.stm32cube.ide.mcu.externaltools.gnu-tools-for-stm32.13.3.rel1.linux64_1.0.0.202410170706/tools/bin/../lib/gcc/arm-none-eabi/13.3.1/thumb/v7e-m+fp/hard/libgcc.a
LOAD /opt/st/stm32cubeide_1.19.0/plugins/com.st.stm32cube.ide.mcu.externaltools.gnu-tools-for-stm32.13.3.rel1.linux64_1.0.0.202410170706/tools/bin/../lib/gcc/arm-none-eabi/13.3.1/../../../../arm-none-eabi/lib/thumb/v7e-m+fp/hard/libc_nano.a
END GROUP
LOAD /opt/st/stm32cubeide_1.19.0/plugins/com.st.stm32cube.ide.mcu.externaltools.gnu-tools-for-stm32.13.3.rel1.linux64_1.0.0.202410170706/tools/bin/../lib/gcc/arm-none-eabi/13.3.1/thumb/v7e-m+fp/hard/crtend.o
LOAD /opt/st/stm32cubeide_1.19.0/plugins/com.st.stm32cube.ide.mcu.externaltools.gnu-tools-for-stm32.13.3.rel1.linux64_1.0.0.202410170706/tools/bin/../lib/gcc/arm-none-eabi/13.3.1/thumb/v7e-m+fp/hard/crtn.o
                0x20030000                        _estack = (ORIGIN (RAM) + LENGTH (RAM))
                0x00000200                        _Min_Heap_Size = 0x200
                0x00000400                        _Min_Stack_Size = 0x400

.isr_vector     0x08000000      0x1ac
                0x08000000                        . = ALIGN (0x4)
 *(.isr_vector)
 .isr_vector    0x08000000      0x1ac ./Core/Startup/startup_stm32f429zitx.o
                0x08000000                g_pfnVectors
                0x080001ac                        . = ALIGN (0x4)

.text           0x080001ac     0xbd38
                0x080001ac                        . = ALIGN (0x4)
 *(.text)
 .text          0x080001ac       0x40 /opt/st/stm32cubeide_1.19.0/plugins/com.st.stm32cube.ide.mcu.externaltools.gnu-tools-for-stm32.13.3.rel1.linux64_1.0.0.202410170706/tools/bin/../lib/gcc/arm-none-eabi/13.3.1/thumb/v7e-m+fp/hard/crtbegin.o
 .text          0x080001ec       0x30 /opt/st/stm32cubeide_1.19.0/plugins/com.st.stm32cube.ide.mcu.externaltools.gnu-tools-for-stm32.13.3.rel1.linux64_1.0.0.202410170706/tools/bin/../lib/gcc/arm-none-eabi/13.3.1/thumb/v7e-m+fp/hard/libgcc.a(_aeabi_uldivmod.o)
                0x080001ec                __aeabi_uldivmod
 .text          0x0800021c      0x2f8 /opt/st/stm32cubeide_1.19.0/plugins/com.st.stm32cube.ide.mcu.externaltools.gnu-tools-for-stm32.13.3.rel1.linux64_1.0.0.202410170706/tools/bin/../lib/gcc/arm-none-eabi/13.3.1/thumb/v7e-m+fp/hard/libgcc.a(_udivmoddi4.o)
                0x0800021c                __udivmoddi4
 .text          0x08000514        0x4 /opt/st/stm32cubeide_1.19.0/plugins/com.st.stm32cube.ide.mcu.externaltools.gnu-tools-for-stm32.13.3.rel1.linux64_1.0.0.202410170706/tools/bin/../lib/gcc/arm-none-eabi/13.3.1/thumb/v7e-m+fp/hard/libgcc.a(_dvmd_tls.o)
                0x08000514                __aeabi_ldiv0
                0x08000514                __aeabi_idiv0
 *(.text*)
 .text.AudioEngine_Init
                0x08000518       0x60 ./Core/Src/audio_engine.o
                0x08000518                AudioEngine_Init
 .text.main     0x08000578       0xf4 ./Core/Src/main.o
                0x08000578                main
 .text.SystemClock_Config
                0x0800066c       0xd4 ./Core/Src/main.o
                0x0800066c                SystemClock_Config
 .text.MX_DAC_Init
                0x08000740       0x54 ./Core/Src/main.o
 .text.MX_DMA2D_Init
                0x08000794       0x64 ./Core/Src/main.o
 .text.MX_I2C3_Init
                0x080007f8       0x80 ./Core/Src/main.o
 .text.MX_LTDC_Init
                0x08000878      0x104 ./Core/Src/main.o
 .text.MX_SPI5_Init
                0x0800097c       0x6c ./Core/Src/main.o
 .text.MX_TIM6_Init
                0x080009e8       0x6c ./Core/Src/main.o
 .text.MX_USART1_UART_Init
                0x08000a54       0x54 ./Core/Src/main.o
 .text.MX_DMA_Init
                0x08000aa8       0x40 ./Core/Src/main.o
 .text.MX_FMC_Init
                0x08000ae8       0xa0 ./Core/Src/main.o
 .text.MX_GPIO_Init
                0x08000b88      0x220 ./Core/Src/main.o
 .text.Error_Handler
                0x08000da8        0xc ./Core/Src/main.o
                0x08000da8                Error_Handler
 .text.HAL_MspInit
                0x08000db4       0x50 ./Core/Src/stm32f4xx_hal_msp.o
                0x08000db4                HAL_MspInit
 .text.HAL_DAC_MspInit
                0x08000e04       0xf4 ./Core/Src/stm32f4xx_hal_msp.o
                0x08000e04                HAL_DAC_MspInit
 .text.HAL_DMA2D_MspInit
                0x08000ef8       0x44 ./Core/Src/stm32f4xx_hal_msp.o
                0x08000ef8                HAL_DMA2D_MspInit
 .text.HAL_I2C_MspInit
                0x08000f3c       0xd4 ./Core/Src/stm32f4xx_hal_msp.o
                0x08000f3c                HAL_I2C_MspInit
 .text.HAL_LTDC_MspInit
                0x08001010      0x250 ./Core/Src/stm32f4xx_hal_msp.o
                0x08001010                HAL_LTDC_MspInit
 .text.HAL_SPI_MspInit
                0x08001260       0x90 ./Core/Src/stm32f4xx_hal_msp.o
                0x08001260                HAL_SPI_MspInit
 .text.HAL_SPI_MspDeInit
                0x080012f0       0x3c ./Core/Src/stm32f4xx_hal_msp.o
                0x080012f0                HAL_SPI_MspDeInit
 .text.HAL_TIM_Base_MspInit
                0x0800132c       0x44 ./Core/Src/stm32f4xx_hal_msp.o
                0x0800132c                HAL_TIM_Base_MspInit
 .text.HAL_UART_MspInit
                0x08001370       0x90 ./Core/Src/stm32f4xx_hal_msp.o
                0x08001370                HAL_UART_MspInit
 .text.HAL_FMC_MspInit
                0x08001400      0x124 ./Core/Src/stm32f4xx_hal_msp.o
 .text.HAL_SDRAM_MspInit
                0x08001524       0x14 ./Core/Src/stm32f4xx_hal_msp.o
                0x08001524                HAL_SDRAM_MspInit
 .text.NMI_Handler
                0x08001538        0x8 ./Core/Src/stm32f4xx_it.o
                0x08001538                NMI_Handler
 .text.HardFault_Handler
                0x08001540        0x8 ./Core/Src/stm32f4xx_it.o
                0x08001540                HardFault_Handler
 .text.MemManage_Handler
                0x08001548        0x8 ./Core/Src/stm32f4xx_it.o
                0x08001548                MemManage_Handler
 .text.BusFault_Handler
                0x08001550        0x8 ./Core/Src/stm32f4xx_it.o
                0x08001550                BusFault_Handler
 .text.UsageFault_Handler
                0x08001558        0x8 ./Core/Src/stm32f4xx_it.o
                0x08001558                UsageFault_Handler
 .text.SVC_Handler
                0x08001560        0xe ./Core/Src/stm32f4xx_it.o
                0x08001560                SVC_Handler
 .text.DebugMon_Handler
                0x0800156e        0xe ./Core/Src/stm32f4xx_it.o
                0x0800156e                DebugMon_Handler
 .text.PendSV_Handler
                0x0800157c        0xe ./Core/Src/stm32f4xx_it.o
                0x0800157c                PendSV_Handler
 .text.SysTick_Handler
                0x0800158a        0xc ./Core/Src/stm32f4xx_it.o
                0x0800158a                SysTick_Handler
 *fill*         0x08001596        0x2 
 .text.DMA1_Stream6_IRQHandler
                0x08001598       0x14 ./Core/Src/stm32f4xx_it.o
                0x08001598                DMA1_Stream6_IRQHandler
 .text.OTG_HS_IRQHandler
                0x080015ac       0x14 ./Core/Src/stm32f4xx_it.o
                0x080015ac                OTG_HS_IRQHandler
 .text.SystemInit
                0x080015c0       0x24 ./Core/Src/system_stm32f4xx.o
                0x080015c0                SystemInit
 .text.Reset_Handler
                0x080015e4       0x50 ./Core/Startup/startup_stm32f429zitx.o
                0x080015e4                Reset_Handler
 .text.Default_Handler
                0x08001634        0x2 ./Core/Startup/startup_stm32f429zitx.o
                0x08001634                RTC_Alarm_IRQHandler
                0x08001634                HASH_RNG_IRQHandler
                0x08001634                EXTI2_IRQHandler
                0x08001634                TIM8_CC_IRQHandler
                0x08001634                UART8_IRQHandler
                0x08001634                SPI4_IRQHandler
                0x08001634                TIM1_CC_IRQHandler
                0x08001634                DMA2_Stream5_IRQHandler
                0x08001634                DMA1_Stream5_IRQHandler
                0x08001634                PVD_IRQHandler
                0x08001634                SDIO_IRQHandler
                0x08001634                TAMP_STAMP_IRQHandler
                0x08001634                CAN2_RX1_IRQHandler
                0x08001634                EXTI3_IRQHandler
                0x08001634                TIM8_TRG_COM_TIM14_IRQHandler
                0x08001634                TIM1_UP_TIM10_IRQHandler
                0x08001634                TIM8_UP_TIM13_IRQHandler
                0x08001634                I2C3_ER_IRQHandler
                0x08001634                EXTI0_IRQHandler
                0x08001634                I2C2_EV_IRQHandler
                0x08001634                DMA1_Stream2_IRQHandler
                0x08001634                CAN1_RX0_IRQHandler
                0x08001634                FPU_IRQHandler
                0x08001634                OTG_HS_WKUP_IRQHandler
                0x08001634                LTDC_ER_IRQHandler
                0x08001634                CAN2_SCE_IRQHandler
                0x08001634                DMA2_Stream2_IRQHandler
                0x08001634                SPI1_IRQHandler
                0x08001634                TIM6_DAC_IRQHandler
                0x08001634                TIM1_BRK_TIM9_IRQHandler
                0x08001634                DCMI_IRQHandler
                0x08001634                CAN2_RX0_IRQHandler
                0x08001634                DMA2_Stream3_IRQHandler
                0x08001634                USART6_IRQHandler
                0x08001634                USART3_IRQHandler
                0x08001634                CAN1_RX1_IRQHandler
                0x08001634                UART5_IRQHandler
                0x08001634                DMA2_Stream0_IRQHandler
                0x08001634                TIM4_IRQHandler
                0x08001634                I2C1_EV_IRQHandler
                0x08001634                DMA1_Stream1_IRQHandler
                0x08001634                UART4_IRQHandler
                0x08001634                TIM3_IRQHandler
                0x08001634                RCC_IRQHandler
                0x08001634                TIM8_BRK_TIM12_IRQHandler
                0x08001634                Default_Handler
                0x08001634                EXTI15_10_IRQHandler
                0x08001634                ADC_IRQHandler
                0x08001634                DMA1_Stream7_IRQHandler
                0x08001634                SPI5_IRQHandler
                0x08001634                TIM7_IRQHandler
                0x08001634                CAN2_TX_IRQHandler
                0x08001634                TIM5_IRQHandler
                0x08001634                DMA2_Stream7_IRQHandler
                0x08001634                I2C3_EV_IRQHandler
                0x08001634                EXTI9_5_IRQHandler
                0x08001634                RTC_WKUP_IRQHandler
                0x08001634                LTDC_IRQHandler
                0x08001634                ETH_WKUP_IRQHandler
                0x08001634                SPI2_IRQHandler
                0x08001634                OTG_HS_EP1_IN_IRQHandler
                0x08001634                DMA1_Stream0_IRQHandler
                0x08001634                CAN1_TX_IRQHandler
                0x08001634                EXTI4_IRQHandler
                0x08001634                ETH_IRQHandler
                0x08001634                OTG_HS_EP1_OUT_IRQHandler
                0x08001634                WWDG_IRQHandler
                0x08001634                SPI6_IRQHandler
                0x08001634                TIM2_IRQHandler
                0x08001634                OTG_FS_WKUP_IRQHandler
                0x08001634                TIM1_TRG_COM_TIM11_IRQHandler
                0x08001634                DMA2D_IRQHandler
                0x08001634                EXTI1_IRQHandler
                0x08001634                UART7_IRQHandler
                0x08001634                USART2_IRQHandler
                0x08001634                I2C2_ER_IRQHandler
                0x08001634                DMA2_Stream1_IRQHandler
                0x08001634                CAN1_SCE_IRQHandler
                0x08001634                FLASH_IRQHandler
                0x08001634                DMA2_Stream4_IRQHandler
                0x08001634                USART1_IRQHandler
                0x08001634                OTG_FS_IRQHandler
                0x08001634                SPI3_IRQHandler
                0x08001634                DMA1_Stream4_IRQHandler
                0x08001634                I2C1_ER_IRQHandler
                0x08001634                FMC_IRQHandler
                0x08001634                DMA2_Stream6_IRQHandler
                0x08001634                SAI1_IRQHandler
                0x08001634                DMA1_Stream3_IRQHandler
 .text.ili9341_Init
                0x08001636      0x294 ./Drivers/BSP/Components/ili9341/ili9341.o
                0x08001636                ili9341_Init
 .text.ili9341_ReadID
                0x080018ca       0x18 ./Drivers/BSP/Components/ili9341/ili9341.o
                0x080018ca                ili9341_ReadID
 .text.ili9341_DisplayOn
                0x080018e2        0xe ./Drivers/BSP/Components/ili9341/ili9341.o
                0x080018e2                ili9341_DisplayOn
 .text.ili9341_DisplayOff
                0x080018f0        0xe ./Drivers/BSP/Components/ili9341/ili9341.o
                0x080018f0                ili9341_DisplayOff
 .text.ili9341_WriteReg
                0x080018fe       0x1a ./Drivers/BSP/Components/ili9341/ili9341.o
                0x080018fe                ili9341_WriteReg
 .text.ili9341_WriteData
                0x08001918       0x1a ./Drivers/BSP/Components/ili9341/ili9341.o
                0x08001918                ili9341_WriteData
 .text.ili9341_ReadData
                0x08001932       0x26 ./Drivers/BSP/Components/ili9341/ili9341.o
                0x08001932                ili9341_ReadData
 .text.ili9341_GetLcdPixelWidth
                0x08001958       0x10 ./Drivers/BSP/Components/ili9341/ili9341.o
                0x08001958                ili9341_GetLcdPixelWidth
 .text.ili9341_GetLcdPixelHeight
                0x08001968       0x12 ./Drivers/BSP/Components/ili9341/ili9341.o
                0x08001968                ili9341_GetLcdPixelHeight
 *fill*         0x0800197a        0x2 
 .text.SPIx_Init
                0x0800197c       0x74 ./Drivers/BSP/my_Board/stm32f429i_discovery.o
 .text.SPIx_Read
                0x080019f0       0x40 ./Drivers/BSP/my_Board/stm32f429i_discovery.o
 .text.SPIx_Write
                0x08001a30       0x3c ./Drivers/BSP/my_Board/stm32f429i_discovery.o
 .text.SPIx_Error
                0x08001a6c       0x18 ./Drivers/BSP/my_Board/stm32f429i_discovery.o
 .text.SPIx_MspInit
                0x08001a84       0x74 ./Drivers/BSP/my_Board/stm32f429i_discovery.o
 .text.LCD_IO_Init
                0x08001af8       0xf0 ./Drivers/BSP/my_Board/stm32f429i_discovery.o
                0x08001af8                LCD_IO_Init
 .text.LCD_IO_WriteData
                0x08001be8       0x44 ./Drivers/BSP/my_Board/stm32f429i_discovery.o
                0x08001be8                LCD_IO_WriteData
 .text.LCD_IO_WriteReg
                0x08001c2c       0x44 ./Drivers/BSP/my_Board/stm32f429i_discovery.o
                0x08001c2c                LCD_IO_WriteReg
 .text.LCD_IO_ReadData
                0x08001c70       0x64 ./Drivers/BSP/my_Board/stm32f429i_discovery.o
                0x08001c70                LCD_IO_ReadData
 .text.LCD_Delay
                0x08001cd4       0x16 ./Drivers/BSP/my_Board/stm32f429i_discovery.o
                0x08001cd4                LCD_Delay
 *fill*         0x08001cea        0x2 
 .text.BSP_LCD_Init
                0x08001cec       0xd4 ./Drivers/BSP/my_Board/stm32f429i_discovery_lcd.o
                0x08001cec                BSP_LCD_Init
 .text.BSP_LCD_GetXSize
                0x08001dc0       0x18 ./Drivers/BSP/my_Board/stm32f429i_discovery_lcd.o
                0x08001dc0                BSP_LCD_GetXSize
 .text.BSP_LCD_GetYSize
                0x08001dd8       0x18 ./Drivers/BSP/my_Board/stm32f429i_discovery_lcd.o
                0x08001dd8                BSP_LCD_GetYSize
 .text.BSP_LCD_LayerDefaultInit
                0x08001df0       0xc8 ./Drivers/BSP/my_Board/stm32f429i_discovery_lcd.o
                0x08001df0                BSP_LCD_LayerDefaultInit
 .text.BSP_LCD_SelectLayer
                0x08001eb8       0x20 ./Drivers/BSP/my_Board/stm32f429i_discovery_lcd.o
                0x08001eb8                BSP_LCD_SelectLayer
 .text.BSP_LCD_SetTextColor
                0x08001ed8       0x30 ./Drivers/BSP/my_Board/stm32f429i_discovery_lcd.o
                0x08001ed8                BSP_LCD_SetTextColor
 .text.BSP_LCD_SetBackColor
                0x08001f08       0x34 ./Drivers/BSP/my_Board/stm32f429i_discovery_lcd.o
                0x08001f08                BSP_LCD_SetBackColor
 .text.BSP_LCD_SetFont
                0x08001f3c       0x34 ./Drivers/BSP/my_Board/stm32f429i_discovery_lcd.o
                0x08001f3c                BSP_LCD_SetFont
 .text.BSP_LCD_Clear
                0x08001f70       0x50 ./Drivers/BSP/my_Board/stm32f429i_discovery_lcd.o
                0x08001f70                BSP_LCD_Clear
 .text.BSP_LCD_DisplayChar
                0x08001fc0       0x88 ./Drivers/BSP/my_Board/stm32f429i_discovery_lcd.o
                0x08001fc0                BSP_LCD_DisplayChar
 .text.BSP_LCD_DisplayStringAt
                0x08002048      0x17c ./Drivers/BSP/my_Board/stm32f429i_discovery_lcd.o
                0x08002048                BSP_LCD_DisplayStringAt
 .text.BSP_LCD_DisplayOn
                0x080021c4       0x20 ./Drivers/BSP/my_Board/stm32f429i_discovery_lcd.o
                0x080021c4                BSP_LCD_DisplayOn
 .text.BSP_LCD_MspInit
                0x080021e4      0x1ac ./Drivers/BSP/my_Board/stm32f429i_discovery_lcd.o
                0x080021e4                BSP_LCD_MspInit
 .text.BSP_LCD_DrawPixel
                0x08002390       0x4c ./Drivers/BSP/my_Board/stm32f429i_discovery_lcd.o
                0x08002390                BSP_LCD_DrawPixel
 .text.DrawChar
                0x080023dc      0x174 ./Drivers/BSP/my_Board/stm32f429i_discovery_lcd.o
 .text.FillBuffer
                0x08002550       0x70 ./Drivers/BSP/my_Board/stm32f429i_discovery_lcd.o
 .text.BSP_SDRAM_Init
                0x080025c0       0xbc ./Drivers/BSP/my_Board/stm32f429i_discovery_sdram.o
                0x080025c0                BSP_SDRAM_Init
 .text.BSP_SDRAM_Initialization_sequence
                0x0800267c       0xc0 ./Drivers/BSP/my_Board/stm32f429i_discovery_sdram.o
                0x0800267c                BSP_SDRAM_Initialization_sequence
 .text.BSP_SDRAM_MspInit
                0x0800273c      0x218 ./Drivers/BSP/my_Board/stm32f429i_discovery_sdram.o
                0x0800273c                BSP_SDRAM_MspInit
 .text.HAL_Init
                0x08002954       0x44 ./Drivers/STM32F4xx_HAL_Driver/Src/stm32f4xx_hal.o
                0x08002954                HAL_Init
 .text.HAL_InitTick
                0x08002998       0x60 ./Drivers/STM32F4xx_HAL_Driver/Src/stm32f4xx_hal.o
                0x08002998                HAL_InitTick
 .text.HAL_IncTick
                0x080029f8       0x28 ./Drivers/STM32F4xx_HAL_Driver/Src/stm32f4xx_hal.o
                0x080029f8                HAL_IncTick
 .text.HAL_GetTick
                0x08002a20       0x18 ./Drivers/STM32F4xx_HAL_Driver/Src/stm32f4xx_hal.o
                0x08002a20                HAL_GetTick
 .text.HAL_Delay
                0x08002a38       0x48 ./Drivers/STM32F4xx_HAL_Driver/Src/stm32f4xx_hal.o
                0x08002a38                HAL_Delay
 .text.__NVIC_SetPriorityGrouping
                0x08002a80       0x48 ./Drivers/STM32F4xx_HAL_Driver/Src/stm32f4xx_hal_cortex.o
 .text.__NVIC_GetPriorityGrouping
                0x08002ac8       0x1c ./Drivers/STM32F4xx_HAL_Driver/Src/stm32f4xx_hal_cortex.o
 .text.__NVIC_EnableIRQ
                0x08002ae4       0x3c ./Drivers/STM32F4xx_HAL_Driver/Src/stm32f4xx_hal_cortex.o
 .text.__NVIC_SetPriority
                0x08002b20       0x54 ./Drivers/STM32F4xx_HAL_Driver/Src/stm32f4xx_hal_cortex.o
 .text.NVIC_EncodePriority
                0x08002b74       0x66 ./Drivers/STM32F4xx_HAL_Driver/Src/stm32f4xx_hal_cortex.o
 *fill*         0x08002bda        0x2 
 .text.SysTick_Config
                0x08002bdc       0x44 ./Drivers/STM32F4xx_HAL_Driver/Src/stm32f4xx_hal_cortex.o
 .text.HAL_NVIC_SetPriorityGrouping
                0x08002c20       0x16 ./Drivers/STM32F4xx_HAL_Driver/Src/stm32f4xx_hal_cortex.o
                0x08002c20                HAL_NVIC_SetPriorityGrouping
 .text.HAL_NVIC_SetPriority
                0x08002c36       0x38 ./Drivers/STM32F4xx_HAL_Driver/Src/stm32f4xx_hal_cortex.o
                0x08002c36                HAL_NVIC_SetPriority
 .text.HAL_NVIC_EnableIRQ
                0x08002c6e       0x1c ./Drivers/STM32F4xx_HAL_Driver/Src/stm32f4xx_hal_cortex.o
                0x08002c6e                HAL_NVIC_EnableIRQ
 .text.HAL_SYSTICK_Config
                0x08002c8a       0x18 ./Drivers/STM32F4xx_HAL_Driver/Src/stm32f4xx_hal_cortex.o
                0x08002c8a                HAL_SYSTICK_Config
 .text.HAL_DAC_Init
                0x08002ca2       0x44 ./Drivers/STM32F4xx_HAL_Driver/Src/stm32f4xx_hal_dac.o
                0x08002ca2                HAL_DAC_Init
 *fill*         0x08002ce6        0x2 
 .text.HAL_DAC_Start_DMA
                0x08002ce8      0x180 ./Drivers/STM32F4xx_HAL_Driver/Src/stm32f4xx_hal_dac.o
                0x08002ce8                HAL_DAC_Start_DMA
 .text.HAL_DAC_ConvCpltCallbackCh1
                0x08002e68       0x14 ./Drivers/STM32F4xx_HAL_Driver/Src/stm32f4xx_hal_dac.o
                0x08002e68                HAL_DAC_ConvCpltCallbackCh1
 .text.HAL_DAC_ConvHalfCpltCallbackCh1
                0x08002e7c       0x14 ./Drivers/STM32F4xx_HAL_Driver/Src/stm32f4xx_hal_dac.o
                0x08002e7c                HAL_DAC_ConvHalfCpltCallbackCh1
 .text.HAL_DAC_ErrorCallbackCh1
                0x08002e90       0x14 ./Drivers/STM32F4xx_HAL_Driver/Src/stm32f4xx_hal_dac.o
                0x08002e90                HAL_DAC_ErrorCallbackCh1
 .text.HAL_DAC_ConfigChannel
                0x08002ea4       0xb2 ./Drivers/STM32F4xx_HAL_Driver/Src/stm32f4xx_hal_dac.o
                0x08002ea4                HAL_DAC_ConfigChannel
 .text.DAC_DMAConvCpltCh1
                0x08002f56       0x22 ./Drivers/STM32F4xx_HAL_Driver/Src/stm32f4xx_hal_dac.o
                0x08002f56                DAC_DMAConvCpltCh1
 .text.DAC_DMAHalfConvCpltCh1
                0x08002f78       0x1c ./Drivers/STM32F4xx_HAL_Driver/Src/stm32f4xx_hal_dac.o
                0x08002f78                DAC_DMAHalfConvCpltCh1
 .text.DAC_DMAErrorCh1
                0x08002f94       0x2e ./Drivers/STM32F4xx_HAL_Driver/Src/stm32f4xx_hal_dac.o
                0x08002f94                DAC_DMAErrorCh1
 .text.HAL_DACEx_ConvCpltCallbackCh2
                0x08002fc2       0x14 ./Drivers/STM32F4xx_HAL_Driver/Src/stm32f4xx_hal_dac_ex.o
                0x08002fc2                HAL_DACEx_ConvCpltCallbackCh2
 .text.HAL_DACEx_ConvHalfCpltCallbackCh2
                0x08002fd6       0x14 ./Drivers/STM32F4xx_HAL_Driver/Src/stm32f4xx_hal_dac_ex.o
                0x08002fd6                HAL_DACEx_ConvHalfCpltCallbackCh2
 .text.HAL_DACEx_ErrorCallbackCh2
                0x08002fea       0x14 ./Drivers/STM32F4xx_HAL_Driver/Src/stm32f4xx_hal_dac_ex.o
                0x08002fea                HAL_DACEx_ErrorCallbackCh2
 .text.DAC_DMAConvCpltCh2
                0x08002ffe       0x22 ./Drivers/STM32F4xx_HAL_Driver/Src/stm32f4xx_hal_dac_ex.o
                0x08002ffe                DAC_DMAConvCpltCh2
 .text.DAC_DMAHalfConvCpltCh2
                0x08003020       0x1c ./Drivers/STM32F4xx_HAL_Driver/Src/stm32f4xx_hal_dac_ex.o
                0x08003020                DAC_DMAHalfConvCpltCh2
 .text.DAC_DMAErrorCh2
                0x0800303c       0x2e ./Drivers/STM32F4xx_HAL_Driver/Src/stm32f4xx_hal_dac_ex.o
                0x0800303c                DAC_DMAErrorCh2
 *fill*         0x0800306a        0x2 
 .text.HAL_DMA_Init
                0x0800306c      0x15c ./Drivers/STM32F4xx_HAL_Driver/Src/stm32f4xx_hal_dma.o
                0x0800306c                HAL_DMA_Init
 .text.HAL_DMA_DeInit
                0x080031c8       0xbc ./Drivers/STM32F4xx_HAL_Driver/Src/stm32f4xx_hal_dma.o
                0x080031c8                HAL_DMA_DeInit
 .text.HAL_DMA_Start_IT
                0x08003284       0xb0 ./Drivers/STM32F4xx_HAL_Driver/Src/stm32f4xx_hal_dma.o
                0x08003284                HAL_DMA_Start_IT
 .text.HAL_DMA_IRQHandler
                0x08003334      0x314 ./Drivers/STM32F4xx_HAL_Driver/Src/stm32f4xx_hal_dma.o
                0x08003334                HAL_DMA_IRQHandler
 .text.DMA_SetConfig
                0x08003648       0x5c ./Drivers/STM32F4xx_HAL_Driver/Src/stm32f4xx_hal_dma.o
 .text.DMA_CalcBaseAndBitshift
                0x080036a4       0x6c ./Drivers/STM32F4xx_HAL_Driver/Src/stm32f4xx_hal_dma.o
 .text.DMA_CheckFifoParam
                0x08003710       0xf8 ./Drivers/STM32F4xx_HAL_Driver/Src/stm32f4xx_hal_dma.o
 .text.HAL_DMA2D_Init
                0x08003808       0x92 ./Drivers/STM32F4xx_HAL_Driver/Src/stm32f4xx_hal_dma2d.o
                0x08003808                HAL_DMA2D_Init
 .text.HAL_DMA2D_Start
                0x0800389a       0x56 ./Drivers/STM32F4xx_HAL_Driver/Src/stm32f4xx_hal_dma2d.o
                0x0800389a                HAL_DMA2D_Start
 .text.HAL_DMA2D_PollForTransfer
                0x080038f0      0x1d2 ./Drivers/STM32F4xx_HAL_Driver/Src/stm32f4xx_hal_dma2d.o
                0x080038f0                HAL_DMA2D_PollForTransfer
 *fill*         0x08003ac2        0x2 
 .text.HAL_DMA2D_ConfigLayer
                0x08003ac4      0x124 ./Drivers/STM32F4xx_HAL_Driver/Src/stm32f4xx_hal_dma2d.o
                0x08003ac4                HAL_DMA2D_ConfigLayer
 .text.DMA2D_SetConfig
                0x08003be8      0x138 ./Drivers/STM32F4xx_HAL_Driver/Src/stm32f4xx_hal_dma2d.o
 .text.HAL_GPIO_Init
                0x08003d20      0x358 ./Drivers/STM32F4xx_HAL_Driver/Src/stm32f4xx_hal_gpio.o
                0x08003d20                HAL_GPIO_Init
 .text.HAL_GPIO_DeInit
                0x08004078      0x218 ./Drivers/STM32F4xx_HAL_Driver/Src/stm32f4xx_hal_gpio.o
                0x08004078                HAL_GPIO_DeInit
 .text.HAL_GPIO_WritePin
                0x08004290       0x32 ./Drivers/STM32F4xx_HAL_Driver/Src/stm32f4xx_hal_gpio.o
                0x08004290                HAL_GPIO_WritePin
 *fill*         0x080042c2        0x2 
 .text.HAL_I2C_Init
                0x080042c4      0x288 ./Drivers/STM32F4xx_HAL_Driver/Src/stm32f4xx_hal_i2c.o
                0x080042c4                HAL_I2C_Init
 .text.HAL_I2CEx_ConfigAnalogFilter
                0x0800454c       0x78 ./Drivers/STM32F4xx_HAL_Driver/Src/stm32f4xx_hal_i2c_ex.o
                0x0800454c                HAL_I2CEx_ConfigAnalogFilter
 .text.HAL_I2CEx_ConfigDigitalFilter
                0x080045c4       0x7e ./Drivers/STM32F4xx_HAL_Driver/Src/stm32f4xx_hal_i2c_ex.o
                0x080045c4                HAL_I2CEx_ConfigDigitalFilter
 .text.HAL_LTDC_Init
                0x08004642      0x13a ./Drivers/STM32F4xx_HAL_Driver/Src/stm32f4xx_hal_ltdc.o
                0x08004642                HAL_LTDC_Init
 .text.HAL_LTDC_ConfigLayer
                0x0800477c       0x7c ./Drivers/STM32F4xx_HAL_Driver/Src/stm32f4xx_hal_ltdc.o
                0x0800477c                HAL_LTDC_ConfigLayer
 .text.HAL_LTDC_EnableDither
                0x080047f8       0x54 ./Drivers/STM32F4xx_HAL_Driver/Src/stm32f4xx_hal_ltdc.o
                0x080047f8                HAL_LTDC_EnableDither
 .text.LTDC_SetConfig
                0x0800484c      0x2e6 ./Drivers/STM32F4xx_HAL_Driver/Src/stm32f4xx_hal_ltdc.o
 .text.HAL_PCD_Init
                0x08004b32      0x21e ./Drivers/STM32F4xx_HAL_Driver/Src/stm32f4xx_hal_pcd.o
                0x08004b32                HAL_PCD_Init
 .text.HAL_PCD_Start
                0x08004d50       0x6a ./Drivers/STM32F4xx_HAL_Driver/Src/stm32f4xx_hal_pcd.o
                0x08004d50                HAL_PCD_Start
 .text.HAL_PCD_IRQHandler
                0x08004dba      0x942 ./Drivers/STM32F4xx_HAL_Driver/Src/stm32f4xx_hal_pcd.o
                0x08004dba                HAL_PCD_IRQHandler
 .text.HAL_PCD_SetAddress
                0x080056fc       0x48 ./Drivers/STM32F4xx_HAL_Driver/Src/stm32f4xx_hal_pcd.o
                0x080056fc                HAL_PCD_SetAddress
 .text.HAL_PCD_EP_Open
                0x08005744       0xd4 ./Drivers/STM32F4xx_HAL_Driver/Src/stm32f4xx_hal_pcd.o
                0x08005744                HAL_PCD_EP_Open
 .text.HAL_PCD_EP_Close
                0x08005818       0x94 ./Drivers/STM32F4xx_HAL_Driver/Src/stm32f4xx_hal_pcd.o
                0x08005818                HAL_PCD_EP_Close
 .text.HAL_PCD_EP_Receive
                0x080058ac       0x76 ./Drivers/STM32F4xx_HAL_Driver/Src/stm32f4xx_hal_pcd.o
                0x080058ac                HAL_PCD_EP_Receive
 .text.HAL_PCD_EP_Transmit
                0x08005922       0x74 ./Drivers/STM32F4xx_HAL_Driver/Src/stm32f4xx_hal_pcd.o
                0x08005922                HAL_PCD_EP_Transmit
 .text.HAL_PCD_EP_SetStall
                0x08005996       0xc6 ./Drivers/STM32F4xx_HAL_Driver/Src/stm32f4xx_hal_pcd.o
                0x08005996                HAL_PCD_EP_SetStall
 .text.HAL_PCD_EP_ClrStall
                0x08005a5c       0xac ./Drivers/STM32F4xx_HAL_Driver/Src/stm32f4xx_hal_pcd.o
                0x08005a5c                HAL_PCD_EP_ClrStall
 .text.HAL_PCD_EP_Abort
                0x08005b08       0x62 ./Drivers/STM32F4xx_HAL_Driver/Src/stm32f4xx_hal_pcd.o
                0x08005b08                HAL_PCD_EP_Abort
 .text.PCD_WriteEmptyTxFifo
                0x08005b6a      0x118 ./Drivers/STM32F4xx_HAL_Driver/Src/stm32f4xx_hal_pcd.o
 *fill*         0x08005c82        0x2 
 .text.PCD_EP_OutXfrComplete_int
                0x08005c84      0x1d0 ./Drivers/STM32F4xx_HAL_Driver/Src/stm32f4xx_hal_pcd.o
 .text.PCD_EP_OutSetupPacket_int
                0x08005e54       0x8c ./Drivers/STM32F4xx_HAL_Driver/Src/stm32f4xx_hal_pcd.o
 .text.HAL_PCDEx_SetTxFiFo
                0x08005ee0       0x8e ./Drivers/STM32F4xx_HAL_Driver/Src/stm32f4xx_hal_pcd_ex.o
                0x08005ee0                HAL_PCDEx_SetTxFiFo
 .text.HAL_PCDEx_SetRxFiFo
                0x08005f6e       0x22 ./Drivers/STM32F4xx_HAL_Driver/Src/stm32f4xx_hal_pcd_ex.o
                0x08005f6e                HAL_PCDEx_SetRxFiFo
 .text.HAL_PCDEx_LPM_Callback
                0x08005f90       0x18 ./Drivers/STM32F4xx_HAL_Driver/Src/stm32f4xx_hal_pcd_ex.o
                0x08005f90                HAL_PCDEx_LPM_Callback
 .text.HAL_RCC_OscConfig
                0x08005fa8      0x4f0 ./Drivers/STM32F4xx_HAL_Driver/Src/stm32f4xx_hal_rcc.o
                0x08005fa8                HAL_RCC_OscConfig
 .text.HAL_RCC_ClockConfig
                0x08006498      0x1cc ./Drivers/STM32F4xx_HAL_Driver/Src/stm32f4xx_hal_rcc.o
                0x08006498                HAL_RCC_ClockConfig
 .text.HAL_RCC_GetSysClockFreq
                0x08006664      0x20c ./Drivers/STM32F4xx_HAL_Driver/Src/stm32f4xx_hal_rcc.o
                0x08006664                HAL_RCC_GetSysClockFreq
 .text.HAL_RCC_GetHCLKFreq
                0x08006870       0x18 ./Drivers/STM32F4xx_HAL_Driver/Src/stm32f4xx_hal_rcc.o
                0x08006870                HAL_RCC_GetHCLKFreq
 .text.HAL_RCC_GetPCLK1Freq
                0x08006888       0x28 ./Drivers/STM32F4xx_HAL_Driver/Src/stm32f4xx_hal_rcc.o
                0x08006888                HAL_RCC_GetPCLK1Freq
 .text.HAL_RCC_GetPCLK2Freq
                0x080068b0       0x28 ./Drivers/STM32F4xx_HAL_Driver/Src/stm32f4xx_hal_rcc.o
                0x080068b0                HAL_RCC_GetPCLK2Freq
 .text.HAL_RCCEx_PeriphCLKConfig
                0x080068d8      0x380 ./Drivers/STM32F4xx_HAL_Driver/Src/stm32f4xx_hal_rcc_ex.o
                0x080068d8                HAL_RCCEx_PeriphCLKConfig
 .text.HAL_SDRAM_Init
                0x08006c58       0x68 ./Drivers/STM32F4xx_HAL_Driver/Src/stm32f4xx_hal_sdram.o
                0x08006c58                HAL_SDRAM_Init
 .text.HAL_SDRAM_SendCommand
                0x08006cc0       0x6a ./Drivers/STM32F4xx_HAL_Driver/Src/stm32f4xx_hal_sdram.o
                0x08006cc0                HAL_SDRAM_SendCommand
 .text.HAL_SDRAM_ProgramRefreshRate
                0x08006d2a       0x50 ./Drivers/STM32F4xx_HAL_Driver/Src/stm32f4xx_hal_sdram.o
                0x08006d2a                HAL_SDRAM_ProgramRefreshRate
 .text.HAL_SPI_Init
                0x08006d7a      0x112 ./Drivers/STM32F4xx_HAL_Driver/Src/stm32f4xx_hal_spi.o
                0x08006d7a                HAL_SPI_Init
 .text.HAL_SPI_DeInit
                0x08006e8c       0x50 ./Drivers/STM32F4xx_HAL_Driver/Src/stm32f4xx_hal_spi.o
                0x08006e8c                HAL_SPI_DeInit
 .text.HAL_SPI_Transmit
                0x08006edc      0x288 ./Drivers/STM32F4xx_HAL_Driver/Src/stm32f4xx_hal_spi.o
                0x08006edc                HAL_SPI_Transmit
 .text.HAL_SPI_Receive
                0x08007164      0x232 ./Drivers/STM32F4xx_HAL_Driver/Src/stm32f4xx_hal_spi.o
                0x08007164                HAL_SPI_Receive
 .text.HAL_SPI_TransmitReceive
                0x08007396      0x352 ./Drivers/STM32F4xx_HAL_Driver/Src/stm32f4xx_hal_spi.o
                0x08007396                HAL_SPI_TransmitReceive
 .text.HAL_SPI_GetState
                0x080076e8       0x1c ./Drivers/STM32F4xx_HAL_Driver/Src/stm32f4xx_hal_spi.o
                0x080076e8                HAL_SPI_GetState
 .text.SPI_WaitFlagStateUntilTimeout
                0x08007704      0x110 ./Drivers/STM32F4xx_HAL_Driver/Src/stm32f4xx_hal_spi.o
 .text.SPI_EndRxTransaction
                0x08007814       0xca ./Drivers/STM32F4xx_HAL_Driver/Src/stm32f4xx_hal_spi.o
 *fill*         0x080078de        0x2 
 .text.SPI_EndRxTxTransaction
                0x080078e0       0xa8 ./Drivers/STM32F4xx_HAL_Driver/Src/stm32f4xx_hal_spi.o
 .text.HAL_TIM_Base_Init
                0x08007988       0x9e ./Drivers/STM32F4xx_HAL_Driver/Src/stm32f4xx_hal_tim.o
                0x08007988                HAL_TIM_Base_Init
 *fill*         0x08007a26        0x2 
 .text.HAL_TIM_Base_Start
                0x08007a28       0xd0 ./Drivers/STM32F4xx_HAL_Driver/Src/stm32f4xx_hal_tim.o
                0x08007a28                HAL_TIM_Base_Start
 .text.TIM_Base_SetConfig
                0x08007af8      0x14c ./Drivers/STM32F4xx_HAL_Driver/Src/stm32f4xx_hal_tim.o
                0x08007af8                TIM_Base_SetConfig
 .text.HAL_TIMEx_MasterConfigSynchronization
                0x08007c44       0xf8 ./Drivers/STM32F4xx_HAL_Driver/Src/stm32f4xx_hal_tim_ex.o
                0x08007c44                HAL_TIMEx_MasterConfigSynchronization
 .text.HAL_UART_Init
                0x08007d3c       0xa0 ./Drivers/STM32F4xx_HAL_Driver/Src/stm32f4xx_hal_uart.o
                0x08007d3c                HAL_UART_Init
 .text.UART_SetConfig
                0x08007ddc      0x4e8 ./Drivers/STM32F4xx_HAL_Driver/Src/stm32f4xx_hal_uart.o
 .text.FMC_SDRAM_Init
                0x080082c4       0xba ./Drivers/STM32F4xx_HAL_Driver/Src/stm32f4xx_ll_fmc.o
                0x080082c4                FMC_SDRAM_Init
 .text.FMC_SDRAM_Timing_Init
                0x0800837e       0xd2 ./Drivers/STM32F4xx_HAL_Driver/Src/stm32f4xx_ll_fmc.o
                0x0800837e                FMC_SDRAM_Timing_Init
 .text.FMC_SDRAM_SendCommand
                0x08008450       0x7a ./Drivers/STM32F4xx_HAL_Driver/Src/stm32f4xx_ll_fmc.o
                0x08008450                FMC_SDRAM_SendCommand
 .text.FMC_SDRAM_ProgramRefreshRate
                0x080084ca       0x2e ./Drivers/STM32F4xx_HAL_Driver/Src/stm32f4xx_ll_fmc.o
                0x080084ca                FMC_SDRAM_ProgramRefreshRate
 .text.USB_CoreInit
                0x080084f8       0xc8 ./Drivers/STM32F4xx_HAL_Driver/Src/stm32f4xx_ll_usb.o
                0x080084f8                USB_CoreInit
 .text.USB_SetTurnaroundTime
                0x080085c0      0x144 ./Drivers/STM32F4xx_HAL_Driver/Src/stm32f4xx_ll_usb.o
                0x080085c0                USB_SetTurnaroundTime
 .text.USB_EnableGlobalInt
                0x08008704       0x22 ./Drivers/STM32F4xx_HAL_Driver/Src/stm32f4xx_ll_usb.o
                0x08008704                USB_EnableGlobalInt
 .text.USB_DisableGlobalInt
                0x08008726       0x22 ./Drivers/STM32F4xx_HAL_Driver/Src/stm32f4xx_ll_usb.o
                0x08008726                USB_DisableGlobalInt
 .text.USB_SetCurrentMode
                0x08008748       0x98 ./Drivers/STM32F4xx_HAL_Driver/Src/stm32f4xx_ll_usb.o
                0x08008748                USB_SetCurrentMode
 .text.USB_DevInit
                0x080087e0      0x2c8 ./Drivers/STM32F4xx_HAL_Driver/Src/stm32f4xx_ll_usb.o
                0x080087e0                USB_DevInit
 .text.USB_FlushTxFifo
                0x08008aa8       0x64 ./Drivers/STM32F4xx_HAL_Driver/Src/stm32f4xx_ll_usb.o
                0x08008aa8                USB_FlushTxFifo
 .text.USB_FlushRxFifo
                0x08008b0c       0x5c ./Drivers/STM32F4xx_HAL_Driver/Src/stm32f4xx_ll_usb.o
                0x08008b0c                USB_FlushRxFifo
 .text.USB_SetDevSpeed
                0x08008b68       0x32 ./Drivers/STM32F4xx_HAL_Driver/Src/stm32f4xx_ll_usb.o
                0x08008b68                USB_SetDevSpeed
 .text.USB_GetDevSpeed
                0x08008b9a       0x4a ./Drivers/STM32F4xx_HAL_Driver/Src/stm32f4xx_ll_usb.o
                0x08008b9a                USB_GetDevSpeed
 .text.USB_ActivateEndpoint
                0x08008be4      0x10e ./Drivers/STM32F4xx_HAL_Driver/Src/stm32f4xx_ll_usb.o
                0x08008be4                USB_ActivateEndpoint
 *fill*         0x08008cf2        0x2 
 .text.USB_DeactivateEndpoint
                0x08008cf4      0x1b8 ./Drivers/STM32F4xx_HAL_Driver/Src/stm32f4xx_ll_usb.o
                0x08008cf4                USB_DeactivateEndpoint
 .text.USB_EPStartXfer
                0x08008eac      0x53c ./Drivers/STM32F4xx_HAL_Driver/Src/stm32f4xx_ll_usb.o
                0x08008eac                USB_EPStartXfer
 .text.USB_EPStopXfer
                0x080093e8      0x154 ./Drivers/STM32F4xx_HAL_Driver/Src/stm32f4xx_ll_usb.o
                0x080093e8                USB_EPStopXfer
 .text.USB_WritePacket
                0x0800953c       0x7c ./Drivers/STM32F4xx_HAL_Driver/Src/stm32f4xx_ll_usb.o
                0x0800953c                USB_WritePacket
 .text.USB_ReadPacket
                0x080095b8       0xb0 ./Drivers/STM32F4xx_HAL_Driver/Src/stm32f4xx_ll_usb.o
                0x080095b8                USB_ReadPacket
 .text.USB_EPSetStall
                0x08009668       0xdc ./Drivers/STM32F4xx_HAL_Driver/Src/stm32f4xx_ll_usb.o
                0x08009668                USB_EPSetStall
 .text.USB_EPClearStall
                0x08009744       0xcc ./Drivers/STM32F4xx_HAL_Driver/Src/stm32f4xx_ll_usb.o
                0x08009744                USB_EPClearStall
 .text.USB_SetDevAddress
                0x08009810       0x4c ./Drivers/STM32F4xx_HAL_Driver/Src/stm32f4xx_ll_usb.o
                0x08009810                USB_SetDevAddress
 .text.USB_DevConnect
                0x0800985c       0x42 ./Drivers/STM32F4xx_HAL_Driver/Src/stm32f4xx_ll_usb.o
                0x0800985c                USB_DevConnect
 .text.USB_DevDisconnect
                0x0800989e       0x42 ./Drivers/STM32F4xx_HAL_Driver/Src/stm32f4xx_ll_usb.o
                0x0800989e                USB_DevDisconnect
 .text.USB_ReadInterrupts
                0x080098e0       0x26 ./Drivers/STM32F4xx_HAL_Driver/Src/stm32f4xx_ll_usb.o
                0x080098e0                USB_ReadInterrupts
 .text.USB_ReadDevAllOutEpInterrupt
                0x08009906       0x34 ./Drivers/STM32F4xx_HAL_Driver/Src/stm32f4xx_ll_usb.o
                0x08009906                USB_ReadDevAllOutEpInterrupt
 .text.USB_ReadDevAllInEpInterrupt
                0x0800993a       0x34 ./Drivers/STM32F4xx_HAL_Driver/Src/stm32f4xx_ll_usb.o
                0x0800993a                USB_ReadDevAllInEpInterrupt
 .text.USB_ReadDevOutEPInterrupt
                0x0800996e       0x3c ./Drivers/STM32F4xx_HAL_Driver/Src/stm32f4xx_ll_usb.o
                0x0800996e                USB_ReadDevOutEPInterrupt
 .text.USB_ReadDevInEPInterrupt
                0x080099aa       0x5c ./Drivers/STM32F4xx_HAL_Driver/Src/stm32f4xx_ll_usb.o
                0x080099aa                USB_ReadDevInEPInterrupt
 .text.USB_GetMode
                0x08009a06       0x1c ./Drivers/STM32F4xx_HAL_Driver/Src/stm32f4xx_ll_usb.o
                0x08009a06                USB_GetMode
 .text.USB_ActivateSetup
                0x08009a22       0x46 ./Drivers/STM32F4xx_HAL_Driver/Src/stm32f4xx_ll_usb.o
                0x08009a22                USB_ActivateSetup
 .text.USB_EP0_OutStart
                0x08009a68       0xbc ./Drivers/STM32F4xx_HAL_Driver/Src/stm32f4xx_ll_usb.o
                0x08009a68                USB_EP0_OutStart
 .text.USB_CoreReset
                0x08009b24       0x70 ./Drivers/STM32F4xx_HAL_Driver/Src/stm32f4xx_ll_usb.o
 .text.USBD_HID_Init
                0x08009b94       0xcc ./Middlewares/ST/STM32_USB_Device_Library/Class/HID/Src/usbd_hid.o
 .text.USBD_HID_DeInit
                0x08009c60       0x90 ./Middlewares/ST/STM32_USB_Device_Library/Class/HID/Src/usbd_hid.o
 .text.USBD_HID_Setup
                0x08009cf0      0x210 ./Middlewares/ST/STM32_USB_Device_Library/Class/HID/Src/usbd_hid.o
 .text.USBD_HID_GetFSCfgDesc
                0x08009f00       0x34 ./Middlewares/ST/STM32_USB_Device_Library/Class/HID/Src/usbd_hid.o
 .text.USBD_HID_GetHSCfgDesc
                0x08009f34       0x34 ./Middlewares/ST/STM32_USB_Device_Library/Class/HID/Src/usbd_hid.o
 .text.USBD_HID_GetOtherSpeedCfgDesc
                0x08009f68       0x34 ./Middlewares/ST/STM32_USB_Device_Library/Class/HID/Src/usbd_hid.o
 .text.USBD_HID_DataIn
                0x08009f9c       0x2c ./Middlewares/ST/STM32_USB_Device_Library/Class/HID/Src/usbd_hid.o
 .text.USBD_HID_GetDeviceQualifierDesc
                0x08009fc8       0x20 ./Middlewares/ST/STM32_USB_Device_Library/Class/HID/Src/usbd_hid.o
 .text.USBD_Init
                0x08009fe8       0x60 ./Middlewares/ST/STM32_USB_Device_Library/Core/Src/usbd_core.o
                0x08009fe8                USBD_Init
 .text.USBD_RegisterClass
                0x0800a048       0x6c ./Middlewares/ST/STM32_USB_Device_Library/Core/Src/usbd_core.o
                0x0800a048                USBD_RegisterClass
 .text.USBD_Start
                0x0800a0b4       0x18 ./Middlewares/ST/STM32_USB_Device_Library/Core/Src/usbd_core.o
                0x0800a0b4                USBD_Start
 .text.USBD_RunTestMode
                0x0800a0cc       0x16 ./Middlewares/ST/STM32_USB_Device_Library/Core/Src/usbd_core.o
                0x0800a0cc                USBD_RunTestMode
 .text.USBD_SetClassConfig
                0x0800a0e2       0x38 ./Middlewares/ST/STM32_USB_Device_Library/Core/Src/usbd_core.o
                0x0800a0e2                USBD_SetClassConfig
 .text.USBD_ClrClassConfig
                0x0800a11a       0x34 ./Middlewares/ST/STM32_USB_Device_Library/Core/Src/usbd_core.o
                0x0800a11a                USBD_ClrClassConfig
 .text.USBD_LL_SetupStage
                0x0800a14e       0xaa ./Middlewares/ST/STM32_USB_Device_Library/Core/Src/usbd_core.o
                0x0800a14e                USBD_LL_SetupStage
 .text.USBD_LL_DataOutStage
                0x0800a1f8      0x178 ./Middlewares/ST/STM32_USB_Device_Library/Core/Src/usbd_core.o
                0x0800a1f8                USBD_LL_DataOutStage
 .text.USBD_LL_DataInStage
                0x0800a370      0x176 ./Middlewares/ST/STM32_USB_Device_Library/Core/Src/usbd_core.o
                0x0800a370                USBD_LL_DataInStage
 .text.USBD_LL_Reset
                0x0800a4e6       0xa6 ./Middlewares/ST/STM32_USB_Device_Library/Core/Src/usbd_core.o
                0x0800a4e6                USBD_LL_Reset
 .text.USBD_LL_SetSpeed
                0x0800a58c       0x20 ./Middlewares/ST/STM32_USB_Device_Library/Core/Src/usbd_core.o
                0x0800a58c                USBD_LL_SetSpeed
 .text.USBD_LL_Suspend
                0x0800a5ac       0x38 ./Middlewares/ST/STM32_USB_Device_Library/Core/Src/usbd_core.o
                0x0800a5ac                USBD_LL_Suspend
 .text.USBD_LL_Resume
                0x0800a5e4       0x30 ./Middlewares/ST/STM32_USB_Device_Library/Core/Src/usbd_core.o
                0x0800a5e4                USBD_LL_Resume
 .text.USBD_LL_SOF
                0x0800a614       0x40 ./Middlewares/ST/STM32_USB_Device_Library/Core/Src/usbd_core.o
                0x0800a614                USBD_LL_SOF
 .text.USBD_LL_IsoINIncomplete
                0x0800a654       0x64 ./Middlewares/ST/STM32_USB_Device_Library/Core/Src/usbd_core.o
                0x0800a654                USBD_LL_IsoINIncomplete
 .text.USBD_LL_IsoOUTIncomplete
                0x0800a6b8       0x64 ./Middlewares/ST/STM32_USB_Device_Library/Core/Src/usbd_core.o
                0x0800a6b8                USBD_LL_IsoOUTIncomplete
 .text.USBD_LL_DevConnected
                0x0800a71c       0x16 ./Middlewares/ST/STM32_USB_Device_Library/Core/Src/usbd_core.o
                0x0800a71c                USBD_LL_DevConnected
 .text.USBD_LL_DevDisconnected
                0x0800a732       0x46 ./Middlewares/ST/STM32_USB_Device_Library/Core/Src/usbd_core.o
                0x0800a732                USBD_LL_DevDisconnected
 .text.USBD_CoreFindIF
                0x0800a778       0x1a ./Middlewares/ST/STM32_USB_Device_Library/Core/Src/usbd_core.o
                0x0800a778                USBD_CoreFindIF
 .text.USBD_CoreFindEP
                0x0800a792       0x1a ./Middlewares/ST/STM32_USB_Device_Library/Core/Src/usbd_core.o
                0x0800a792                USBD_CoreFindEP
 .text.USBD_GetEpDesc
                0x0800a7ac       0x70 ./Middlewares/ST/STM32_USB_Device_Library/Core/Src/usbd_core.o
                0x0800a7ac                USBD_GetEpDesc
 .text.USBD_GetNextDesc
                0x0800a81c       0x38 ./Middlewares/ST/STM32_USB_Device_Library/Core/Src/usbd_core.o
                0x0800a81c                USBD_GetNextDesc
 .text.SWAPBYTE
                0x0800a854       0x3e ./Middlewares/ST/STM32_USB_Device_Library/Core/Src/usbd_ctlreq.o
 *fill*         0x0800a892        0x2 
 .text.USBD_StdDevReq
                0x0800a894       0xe4 ./Middlewares/ST/STM32_USB_Device_Library/Core/Src/usbd_ctlreq.o
                0x0800a894                USBD_StdDevReq
 .text.USBD_StdItfReq
                0x0800a978       0xd8 ./Middlewares/ST/STM32_USB_Device_Library/Core/Src/usbd_ctlreq.o
                0x0800a978                USBD_StdItfReq
 .text.USBD_StdEPReq
                0x0800aa50      0x33e ./Middlewares/ST/STM32_USB_Device_Library/Core/Src/usbd_ctlreq.o
                0x0800aa50                USBD_StdEPReq
 *fill*         0x0800ad8e        0x2 
 .text.USBD_GetDescriptor
                0x0800ad90      0x2d4 ./Middlewares/ST/STM32_USB_Device_Library/Core/Src/usbd_ctlreq.o
 .text.USBD_SetAddress
                0x0800b064       0x88 ./Middlewares/ST/STM32_USB_Device_Library/Core/Src/usbd_ctlreq.o
 .text.USBD_SetConfig
                0x0800b0ec      0x154 ./Middlewares/ST/STM32_USB_Device_Library/Core/Src/usbd_ctlreq.o
 .text.USBD_GetConfig
                0x0800b240       0x6c ./Middlewares/ST/STM32_USB_Device_Library/Core/Src/usbd_ctlreq.o
 .text.USBD_GetStatus
                0x0800b2ac       0x68 ./Middlewares/ST/STM32_USB_Device_Library/Core/Src/usbd_ctlreq.o
 .text.USBD_SetFeature
                0x0800b314       0x52 ./Middlewares/ST/STM32_USB_Device_Library/Core/Src/usbd_ctlreq.o
 .text.USBD_ClrFeature
                0x0800b366       0x44 ./Middlewares/ST/STM32_USB_Device_Library/Core/Src/usbd_ctlreq.o
 .text.USBD_ParseSetupRequest
                0x0800b3aa       0x74 ./Middlewares/ST/STM32_USB_Device_Library/Core/Src/usbd_ctlreq.o
                0x0800b3aa                USBD_ParseSetupRequest
 .text.USBD_CtlError
                0x0800b41e       0x22 ./Middlewares/ST/STM32_USB_Device_Library/Core/Src/usbd_ctlreq.o
                0x0800b41e                USBD_CtlError
 .text.USBD_GetString
                0x0800b440       0xa4 ./Middlewares/ST/STM32_USB_Device_Library/Core/Src/usbd_ctlreq.o
                0x0800b440                USBD_GetString
 .text.USBD_GetLen
                0x0800b4e4       0x34 ./Middlewares/ST/STM32_USB_Device_Library/Core/Src/usbd_ctlreq.o
 .text.USBD_CtlSendData
                0x0800b518       0x3c ./Middlewares/ST/STM32_USB_Device_Library/Core/Src/usbd_ioreq.o
                0x0800b518                USBD_CtlSendData
 .text.USBD_CtlContinueSendData
                0x0800b554       0x22 ./Middlewares/ST/STM32_USB_Device_Library/Core/Src/usbd_ioreq.o
                0x0800b554                USBD_CtlContinueSendData
 .text.USBD_CtlContinueRx
                0x0800b576       0x22 ./Middlewares/ST/STM32_USB_Device_Library/Core/Src/usbd_ioreq.o
                0x0800b576                USBD_CtlContinueRx
 .text.USBD_CtlSendStatus
                0x0800b598       0x26 ./Middlewares/ST/STM32_USB_Device_Library/Core/Src/usbd_ioreq.o
                0x0800b598                USBD_CtlSendStatus
 .text.USBD_CtlReceiveStatus
                0x0800b5be       0x26 ./Middlewares/ST/STM32_USB_Device_Library/Core/Src/usbd_ioreq.o
                0x0800b5be                USBD_CtlReceiveStatus
 .text.MX_USB_DEVICE_Init
                0x0800b5e4       0x4c ./USB_DEVICE/App/usb_device.o
                0x0800b5e4                MX_USB_DEVICE_Init
 .text.USBD_HS_DeviceDescriptor
                0x0800b630       0x24 ./USB_DEVICE/App/usbd_desc.o
                0x0800b630                USBD_HS_DeviceDescriptor
 .text.USBD_HS_LangIDStrDescriptor
                0x0800b654       0x24 ./USB_DEVICE/App/usbd_desc.o
                0x0800b654                USBD_HS_LangIDStrDescriptor
 .text.USBD_HS_ProductStrDescriptor
                0x0800b678       0x3c ./USB_DEVICE/App/usbd_desc.o
                0x0800b678                USBD_HS_ProductStrDescriptor
 .text.USBD_HS_ManufacturerStrDescriptor
                0x0800b6b4       0x28 ./USB_DEVICE/App/usbd_desc.o
                0x0800b6b4                USBD_HS_ManufacturerStrDescriptor
 .text.USBD_HS_SerialStrDescriptor
                0x0800b6dc       0x24 ./USB_DEVICE/App/usbd_desc.o
                0x0800b6dc                USBD_HS_SerialStrDescriptor
 .text.USBD_HS_ConfigStrDescriptor
                0x0800b700       0x3c ./USB_DEVICE/App/usbd_desc.o
                0x0800b700                USBD_HS_ConfigStrDescriptor
 .text.USBD_HS_InterfaceStrDescriptor
                0x0800b73c       0x3c ./USB_DEVICE/App/usbd_desc.o
                0x0800b73c                USBD_HS_InterfaceStrDescriptor
 .text.Get_SerialNum
                0x0800b778       0x58 ./USB_DEVICE/App/usbd_desc.o
 .text.IntToUnicode
                0x0800b7d0       0x7e ./USB_DEVICE/App/usbd_desc.o
 *fill*         0x0800b84e        0x2 
 .text.HAL_PCD_MspInit
                0x0800b850       0xbc ./USB_DEVICE/Target/usbd_conf.o
                0x0800b850                HAL_PCD_MspInit
 .text.HAL_PCD_SetupStageCallback
                0x0800b90c       0x24 ./USB_DEVICE/Target/usbd_conf.o
                0x0800b90c                HAL_PCD_SetupStageCallback
 .text.HAL_PCD_DataOutStageCallback
                0x0800b930       0x36 ./USB_DEVICE/Target/usbd_conf.o
                0x0800b930                HAL_PCD_DataOutStageCallback
 .text.HAL_PCD_DataInStageCallback
                0x0800b966       0x34 ./USB_DEVICE/Target/usbd_conf.o
                0x0800b966                HAL_PCD_DataInStageCallback
 .text.HAL_PCD_SOFCallback
                0x0800b99a       0x1c ./USB_DEVICE/Target/usbd_conf.o
                0x0800b99a                HAL_PCD_SOFCallback
 .text.HAL_PCD_ResetCallback
                0x0800b9b6       0x50 ./USB_DEVICE/Target/usbd_conf.o
                0x0800b9b6                HAL_PCD_ResetCallback
 *fill*         0x0800ba06        0x2 
 .text.HAL_PCD_SuspendCallback
                0x0800ba08       0x4c ./USB_DEVICE/Target/usbd_conf.o
                0x0800ba08                HAL_PCD_SuspendCallback
 .text.HAL_PCD_ResumeCallback
                0x0800ba54       0x1c ./USB_DEVICE/Target/usbd_conf.o
                0x0800ba54                HAL_PCD_ResumeCallback
 .text.HAL_PCD_ISOOUTIncompleteCallback
                0x0800ba70       0x24 ./USB_DEVICE/Target/usbd_conf.o
                0x0800ba70                HAL_PCD_ISOOUTIncompleteCallback
 .text.HAL_PCD_ISOINIncompleteCallback
                0x0800ba94       0x24 ./USB_DEVICE/Target/usbd_conf.o
                0x0800ba94                HAL_PCD_ISOINIncompleteCallback
 .text.HAL_PCD_ConnectCallback
                0x0800bab8       0x1c ./USB_DEVICE/Target/usbd_conf.o
                0x0800bab8                HAL_PCD_ConnectCallback
 .text.HAL_PCD_DisconnectCallback
                0x0800bad4       0x1c ./USB_DEVICE/Target/usbd_conf.o
                0x0800bad4                HAL_PCD_DisconnectCallback
 .text.USBD_LL_Init
                0x0800baf0       0xa4 ./USB_DEVICE/Target/usbd_conf.o
                0x0800baf0                USBD_LL_Init
 .text.USBD_LL_Start
                0x0800bb94       0x36 ./USB_DEVICE/Target/usbd_conf.o
                0x0800bb94                USBD_LL_Start
 .text.USBD_LL_OpenEP
                0x0800bbca       0x4c ./USB_DEVICE/Target/usbd_conf.o
                0x0800bbca                USBD_LL_OpenEP
 .text.USBD_LL_CloseEP
                0x0800bc16       0x3e ./USB_DEVICE/Target/usbd_conf.o
                0x0800bc16                USBD_LL_CloseEP
 .text.USBD_LL_StallEP
                0x0800bc54       0x3e ./USB_DEVICE/Target/usbd_conf.o
                0x0800bc54                USBD_LL_StallEP
 .text.USBD_LL_ClearStallEP
                0x0800bc92       0x3e ./USB_DEVICE/Target/usbd_conf.o
                0x0800bc92                USBD_LL_ClearStallEP
 .text.USBD_LL_IsStallEP
                0x0800bcd0       0x58 ./USB_DEVICE/Target/usbd_conf.o
                0x0800bcd0                USBD_LL_IsStallEP
 .text.USBD_LL_SetUSBAddress
                0x0800bd28       0x3e ./USB_DEVICE/Target/usbd_conf.o
                0x0800bd28                USBD_LL_SetUSBAddress
 .text.USBD_LL_Transmit
                0x0800bd66       0x42 ./USB_DEVICE/Target/usbd_conf.o
                0x0800bd66                USBD_LL_Transmit
 .text.USBD_LL_PrepareReceive
                0x0800bda8       0x42 ./USB_DEVICE/Target/usbd_conf.o
                0x0800bda8                USBD_LL_PrepareReceive
 *fill*         0x0800bdea        0x2 
 .text.USBD_static_malloc
                0x0800bdec       0x1c ./USB_DEVICE/Target/usbd_conf.o
                0x0800bdec                USBD_static_malloc
 .text.USBD_static_free
                0x0800be08       0x14 ./USB_DEVICE/Target/usbd_conf.o
                0x0800be08                USBD_static_free
 .text.USBD_Get_USB_Status
                0x0800be1c       0x58 ./USB_DEVICE/Target/usbd_conf.o
                0x0800be1c                USBD_Get_USB_Status
 .text.memset   0x0800be74       0x10 /opt/st/stm32cubeide_1.19.0/plugins/com.st.stm32cube.ide.mcu.externaltools.gnu-tools-for-stm32.13.3.rel1.linux64_1.0.0.202410170706/tools/bin/../lib/gcc/arm-none-eabi/13.3.1/../../../../arm-none-eabi/lib/thumb/v7e-m+fp/hard/libc_nano.a(libc_a-memset.o)
                0x0800be74                memset
 .text.__libc_init_array
                0x0800be84       0x48 /opt/st/stm32cubeide_1.19.0/plugins/com.st.stm32cube.ide.mcu.externaltools.gnu-tools-for-stm32.13.3.rel1.linux64_1.0.0.202410170706/tools/bin/../lib/gcc/arm-none-eabi/13.3.1/../../../../arm-none-eabi/lib/thumb/v7e-m+fp/hard/libc_nano.a(libc_a-init.o)
                0x0800be84                __libc_init_array
 *(.glue_7)
 .glue_7        0x0800becc        0x0 linker stubs
 *(.glue_7t)
 .glue_7t       0x0800becc        0x0 linker stubs
 *(.eh_frame)
 .eh_frame      0x0800becc        0x0 /opt/st/stm32cubeide_1.19.0/plugins/com.st.stm32cube.ide.mcu.externaltools.gnu-tools-for-stm32.13.3.rel1.linux64_1.0.0.202410170706/tools/bin/../lib/gcc/arm-none-eabi/13.3.1/thumb/v7e-m+fp/hard/crtbegin.o
 *(.init)
 .init          0x0800becc        0x4 /opt/st/stm32cubeide_1.19.0/plugins/com.st.stm32cube.ide.mcu.externaltools.gnu-tools-for-stm32.13.3.rel1.linux64_1.0.0.202410170706/tools/bin/../lib/gcc/arm-none-eabi/13.3.1/thumb/v7e-m+fp/hard/crti.o
                0x0800becc                _init
 .init          0x0800bed0        0x8 /opt/st/stm32cubeide_1.19.0/plugins/com.st.stm32cube.ide.mcu.externaltools.gnu-tools-for-stm32.13.3.rel1.linux64_1.0.0.202410170706/tools/bin/../lib/gcc/arm-none-eabi/13.3.1/thumb/v7e-m+fp/hard/crtn.o
 *(.fini)
 .fini          0x0800bed8        0x4 /opt/st/stm32cubeide_1.19.0/plugins/com.st.stm32cube.ide.mcu.externaltools.gnu-tools-for-stm32.13.3.rel1.linux64_1.0.0.202410170706/tools/bin/../lib/gcc/arm-none-eabi/13.3.1/thumb/v7e-m+fp/hard/crti.o
                0x0800bed8                _fini
 .fini          0x0800bedc        0x8 /opt/st/stm32cubeide_1.19.0/plugins/com.st.stm32cube.ide.mcu.externaltools.gnu-tools-for-stm32.13.3.rel1.linux64_1.0.0.202410170706/tools/bin/../lib/gcc/arm-none-eabi/13.3.1/thumb/v7e-m+fp/hard/crtn.o
                0x0800bee4                        . = ALIGN (0x4)
                0x0800bee4                        _etext = .

.vfp11_veneer   0x0800bee4        0x0
 .vfp11_veneer  0x0800bee4        0x0 linker stubs

.v4_bx          0x0800bee4        0x0
 .v4_bx         0x0800bee4        0x0 linker stubs

.iplt           0x0800bee4        0x0
 .iplt          0x0800bee4        0x0 /opt/st/stm32cubeide_1.19.0/plugins/com.st.stm32cube.ide.mcu.externaltools.gnu-tools-for-stm32.13.3.rel1.linux64_1.0.0.202410170706/tools/bin/../lib/gcc/arm-none-eabi/13.3.1/thumb/v7e-m+fp/hard/crtbegin.o

.rodata         0x0800bee4     0x1bc8
                0x0800bee4                        . = ALIGN (0x4)
 *(.rodata)
 .rodata        0x0800bee4       0xa7 ./Core/Src/main.o
 *fill*         0x0800bf8b        0x1 
 .rodata        0x0800bf8c       0x46 ./USB_DEVICE/App/usbd_desc.o
 *(.rodata*)
 *fill*         0x0800bfd2        0x2 
 .rodata.AHBPrescTable
                0x0800bfd4       0x10 ./Core/Src/system_stm32f4xx.o
                0x0800bfd4                AHBPrescTable
 .rodata.APBPrescTable
                0x0800bfe4        0x8 ./Core/Src/system_stm32f4xx.o
                0x0800bfe4                APBPrescTable
 .rodata.Font24_Table
                0x0800bfec     0x1ab8 ./Drivers/BSP/my_Board/stm32f429i_discovery_lcd.o
                0x0800bfec                Font24_Table
 .rodata.flagBitshiftOffset.0
                0x0800daa4        0x8 ./Drivers/STM32F4xx_HAL_Driver/Src/stm32f4xx_hal_dma.o
                0x0800daac                        . = ALIGN (0x4)

.ARM.extab      0x0800daac        0x0
                0x0800daac                        . = ALIGN (0x4)
 *(.ARM.extab* .gnu.linkonce.armextab.*)
                0x0800daac                        . = ALIGN (0x4)

.ARM            0x0800daac        0x8
                0x0800daac                        . = ALIGN (0x4)
                0x0800daac                        __exidx_start = .
 *(.ARM.exidx*)
 .ARM.exidx     0x0800daac        0x8 /opt/st/stm32cubeide_1.19.0/plugins/com.st.stm32cube.ide.mcu.externaltools.gnu-tools-for-stm32.13.3.rel1.linux64_1.0.0.202410170706/tools/bin/../lib/gcc/arm-none-eabi/13.3.1/thumb/v7e-m+fp/hard/libgcc.a(_udivmoddi4.o)
                0x0800dab4                        __exidx_end = .
                0x0800dab4                        . = ALIGN (0x4)

.preinit_array  0x0800dab4        0x0
                0x0800dab4                        . = ALIGN (0x4)
                0x0800dab4                        PROVIDE (__preinit_array_start = .)
 *(.preinit_array*)
                0x0800dab4                        PROVIDE (__preinit_array_end = .)
                0x0800dab4                        . = ALIGN (0x4)

.init_array     0x0800dab4        0x4
                0x0800dab4                        . = ALIGN (0x4)
                0x0800dab4                        PROVIDE (__init_array_start = .)
 *(SORT_BY_NAME(.init_array.*))
 *(.init_array*)
 .init_array    0x0800dab4        0x4 /opt/st/stm32cubeide_1.19.0/plugins/com.st.stm32cube.ide.mcu.externaltools.gnu-tools-for-stm32.13.3.rel1.linux64_1.0.0.202410170706/tools/bin/../lib/gcc/arm-none-eabi/13.3.1/thumb/v7e-m+fp/hard/crtbegin.o
                0x0800dab8                        PROVIDE (__init_array_end = .)
                0x0800dab8                        . = ALIGN (0x4)

.fini_array     0x0800dab8        0x4
                0x0800dab8                        . = ALIGN (0x4)
                [!provide]                        PROVIDE (__fini_array_start = .)
 *(SORT_BY_NAME(.fini_array.*))
 *(.fini_array*)
 .fini_array    0x0800dab8        0x4 /opt/st/stm32cubeide_1.19.0/plugins/com.st.stm32cube.ide.mcu.externaltools.gnu-tools-for-stm32.13.3.rel1.linux64_1.0.0.202410170706/tools/bin/../lib/gcc/arm-none-eabi/13.3.1/thumb/v7e-m+fp/hard/crtbegin.o
                [!provide]                        PROVIDE (__fini_array_end = .)
                0x0800dabc                        . = ALIGN (0x4)
                0x0800dabc                        _sidata = LOADADDR (.data)

.rel.dyn        0x0800dabc        0x0
 .rel.iplt      0x0800dabc        0x0 /opt/st/stm32cubeide_1.19.0/plugins/com.st.stm32cube.ide.mcu.externaltools.gnu-tools-for-stm32.13.3.rel1.linux64_1.0.0.202410170706/tools/bin/../lib/gcc/arm-none-eabi/13.3.1/thumb/v7e-m+fp/hard/crtbegin.o

.data           0x20000000      0x164 load address 0x0800dabc
                0x20000000                        . = ALIGN (0x4)
                0x20000000                        _sdata = .
 *(.data)
 *(.data*)
 .data.ili9341_drv
                0x20000000       0x38 ./Core/Src/main.o
                0x20000000                ili9341_drv
 .data.SystemCoreClock
                0x20000038        0x4 ./Core/Src/system_stm32f4xx.o
                0x20000038                SystemCoreClock
 .data.SpixTimeout
                0x2000003c        0x4 ./Drivers/BSP/my_Board/stm32f429i_discovery.o
                0x2000003c                SpixTimeout
 .data.Font24   0x20000040        0x8 ./Drivers/BSP/my_Board/stm32f429i_discovery_lcd.o
                0x20000040                Font24
 .data.sdramstatus.2
                0x20000048        0x1 ./Drivers/BSP/my_Board/stm32f429i_discovery_sdram.o
 *fill*         0x20000049        0x3 
 .data.uwTickPrio
                0x2000004c        0x4 ./Drivers/STM32F4xx_HAL_Driver/Src/stm32f4xx_hal.o
                0x2000004c                uwTickPrio
 .data.uwTickFreq
                0x20000050        0x1 ./Drivers/STM32F4xx_HAL_Driver/Src/stm32f4xx_hal.o
                0x20000050                uwTickFreq
 *fill*         0x20000051        0x3 
 .data.USBD_HID
                0x20000054       0x38 ./Middlewares/ST/STM32_USB_Device_Library/Class/HID/Src/usbd_hid.o
                0x20000054                USBD_HID
 .data.USBD_HID_CfgDesc
                0x2000008c       0x22 ./Middlewares/ST/STM32_USB_Device_Library/Class/HID/Src/usbd_hid.o
 *fill*         0x200000ae        0x2 
 .data.USBD_HID_Desc
                0x200000b0        0x9 ./Middlewares/ST/STM32_USB_Device_Library/Class/HID/Src/usbd_hid.o
 *fill*         0x200000b9        0x3 
 .data.USBD_HID_DeviceQualifierDesc
                0x200000bc        0xa ./Middlewares/ST/STM32_USB_Device_Library/Class/HID/Src/usbd_hid.o
 *fill*         0x200000c6        0x2 
 .data.HID_MOUSE_ReportDesc
                0x200000c8       0x4a ./Middlewares/ST/STM32_USB_Device_Library/Class/HID/Src/usbd_hid.o
 .data.HIDInEpAdd
                0x20000112        0x1 ./Middlewares/ST/STM32_USB_Device_Library/Class/HID/Src/usbd_hid.o
 *fill*         0x20000113        0x1 
 .data.HS_Desc  0x20000114       0x1c ./USB_DEVICE/App/usbd_desc.o
                0x20000114                HS_Desc
 .data.USBD_HS_DeviceDesc
                0x20000130       0x12 ./USB_DEVICE/App/usbd_desc.o
                0x20000130                USBD_HS_DeviceDesc
 *fill*         0x20000142        0x2 
 .data.USBD_LangIDDesc
                0x20000144        0x4 ./USB_DEVICE/App/usbd_desc.o
                0x20000144                USBD_LangIDDesc
 .data.USBD_StringSerial
                0x20000148       0x1a ./USB_DEVICE/App/usbd_desc.o
                0x20000148                USBD_StringSerial
 *(.RamFunc)
 *(.RamFunc*)
                0x20000164                        . = ALIGN (0x4)
 *fill*         0x20000162        0x2 
                0x20000164                        _edata = .
                0x0800dc20                        _siccmram = LOADADDR (.ccmram)

.igot.plt       0x20000164        0x0 load address 0x0800dc20
 .igot.plt      0x20000164        0x0 /opt/st/stm32cubeide_1.19.0/plugins/com.st.stm32cube.ide.mcu.externaltools.gnu-tools-for-stm32.13.3.rel1.linux64_1.0.0.202410170706/tools/bin/../lib/gcc/arm-none-eabi/13.3.1/thumb/v7e-m+fp/hard/crtbegin.o

.ccmram         0x10000000        0x0 load address 0x0800dc20
                0x10000000                        . = ALIGN (0x4)
                0x10000000                        _sccmram = .
 *(.ccmram)
 *(.ccmram*)
                0x10000000                        . = ALIGN (0x4)
                0x10000000                        _eccmram = .
                0x10000000                        . = ALIGN (0x4)

.bss            0x20000164     0x119c
                0x20000164                        _sbss = .
                0x20000164                        __bss_start__ = _sbss
 *(.bss)
 .bss           0x20000164       0x1c /opt/st/stm32cubeide_1.19.0/plugins/com.st.stm32cube.ide.mcu.externaltools.gnu-tools-for-stm32.13.3.rel1.linux64_1.0.0.202410170706/tools/bin/../lib/gcc/arm-none-eabi/13.3.1/thumb/v7e-m+fp/hard/crtbegin.o
 *(.bss*)
 .bss.voices    0x20000180       0x80 ./Core/Src/audio_engine.o
 .bss.audio_buffer
                0x20000200      0x200 ./Core/Src/audio_engine.o
 .bss.hdac      0x20000400       0x14 ./Core/Src/main.o
                0x20000400                hdac
 .bss.hdma_dac2
                0x20000414       0x60 ./Core/Src/main.o
                0x20000414                hdma_dac2
 .bss.hdma2d    0x20000474       0x40 ./Core/Src/main.o
                0x20000474                hdma2d
 .bss.hi2c3     0x200004b4       0x54 ./Core/Src/main.o
                0x200004b4                hi2c3
 .bss.hltdc     0x20000508       0xa8 ./Core/Src/main.o
                0x20000508                hltdc
 .bss.hspi5     0x200005b0       0x58 ./Core/Src/main.o
                0x200005b0                hspi5
 .bss.htim6     0x20000608       0x48 ./Core/Src/main.o
                0x20000608                htim6
 .bss.huart1    0x20000650       0x48 ./Core/Src/main.o
                0x20000650                huart1
 .bss.hsdram1   0x20000698       0x34 ./Core/Src/main.o
                0x20000698                hsdram1
 .bss.FMC_Initialized
                0x200006cc        0x4 ./Core/Src/stm32f4xx_hal_msp.o
 .bss.SpiHandle
                0x200006d0       0x58 ./Drivers/BSP/my_Board/stm32f429i_discovery.o
 .bss.Is_LCD_IO_Initialized
                0x20000728        0x1 ./Drivers/BSP/my_Board/stm32f429i_discovery.o
 *fill*         0x20000729        0x3 
 .bss.LtdcHandler
                0x2000072c       0xa8 ./Drivers/BSP/my_Board/stm32f429i_discovery_lcd.o
                0x2000072c                LtdcHandler
 .bss.Dma2dHandler
                0x200007d4       0x40 ./Drivers/BSP/my_Board/stm32f429i_discovery_lcd.o
 .bss.PeriphClkInitStruct
                0x20000814       0x30 ./Drivers/BSP/my_Board/stm32f429i_discovery_lcd.o
 .bss.ActiveLayer
                0x20000844        0x4 ./Drivers/BSP/my_Board/stm32f429i_discovery_lcd.o
 .bss.DrawProp  0x20000848       0x18 ./Drivers/BSP/my_Board/stm32f429i_discovery_lcd.o
 .bss.LcdDrv    0x20000860        0x4 ./Drivers/BSP/my_Board/stm32f429i_discovery_lcd.o
                0x20000860                LcdDrv
 .bss.SdramHandle
                0x20000864       0x34 ./Drivers/BSP/my_Board/stm32f429i_discovery_sdram.o
 .bss.Timing    0x20000898       0x1c ./Drivers/BSP/my_Board/stm32f429i_discovery_sdram.o
 .bss.Command   0x200008b4       0x10 ./Drivers/BSP/my_Board/stm32f429i_discovery_sdram.o
 .bss.dmaHandle.1
                0x200008c4       0x60 ./Drivers/BSP/my_Board/stm32f429i_discovery_sdram.o
 .bss.uwTick    0x20000924        0x4 ./Drivers/STM32F4xx_HAL_Driver/Src/stm32f4xx_hal.o
                0x20000924                uwTick
 .bss.cfgidx.0  0x20000928        0x1 ./Middlewares/ST/STM32_USB_Device_Library/Core/Src/usbd_ctlreq.o
 *fill*         0x20000929        0x3 
 .bss.hUsbDeviceHS
                0x2000092c      0x2dc ./USB_DEVICE/App/usb_device.o
                0x2000092c                hUsbDeviceHS
 .bss.USBD_StrDesc
                0x20000c08      0x200 ./USB_DEVICE/App/usbd_desc.o
                0x20000c08                USBD_StrDesc
 .bss.hpcd_USB_OTG_HS
                0x20000e08      0x4e4 ./USB_DEVICE/Target/usbd_conf.o
                0x20000e08                hpcd_USB_OTG_HS
 .bss.mem.0     0x200012ec       0x14 ./USB_DEVICE/Target/usbd_conf.o
 *(COMMON)
                0x20001300                        . = ALIGN (0x4)
                0x20001300                        _ebss = .
                0x20001300                        __bss_end__ = _ebss

._user_heap_stack
                0x20001300      0x600
                0x20001300                        . = ALIGN (0x8)
                [!provide]                        PROVIDE (end = .)
                0x20001300                        PROVIDE (_end = .)
                0x20001500                        . = (. + _Min_Heap_Size)
 *fill*         0x20001300      0x200 
                0x20001900                        . = (. + _Min_Stack_Size)
 *fill*         0x20001500      0x400 
                0x20001900                        . = ALIGN (0x8)

/DISCARD/
 libc.a(*)
 libm.a(*)
 libgcc.a(*)

.ARM.attributes
                0x00000000       0x30
 *(.ARM.attributes)
 .ARM.attributes
                0x00000000       0x22 /opt/st/stm32cubeide_1.19.0/plugins/com.st.stm32cube.ide.mcu.externaltools.gnu-tools-for-stm32.13.3.rel1.linux64_1.0.0.202410170706/tools/bin/../lib/gcc/arm-none-eabi/13.3.1/thumb/v7e-m+fp/hard/crti.o
 .ARM.attributes
                0x00000022       0x34 /opt/st/stm32cubeide_1.19.0/plugins/com.st.stm32cube.ide.mcu.externaltools.gnu-tools-for-stm32.13.3.rel1.linux64_1.0.0.202410170706/tools/bin/../lib/gcc/arm-none-eabi/13.3.1/thumb/v7e-m+fp/hard/crtbegin.o
 .ARM.attributes
                0x00000056       0x34 ./Core/Src/audio_engine.o
 .ARM.attributes
                0x0000008a       0x34 ./Core/Src/main.o
 .ARM.attributes
                0x000000be       0x34 ./Core/Src/stm32f4xx_hal_msp.o
 .ARM.attributes
                0x000000f2       0x34 ./Core/Src/stm32f4xx_it.o
 .ARM.attributes
                0x00000126       0x34 ./Core/Src/system_stm32f4xx.o
 .ARM.attributes
                0x0000015a       0x21 ./Core/Startup/startup_stm32f429zitx.o
 .ARM.attributes
                0x0000017b       0x34 ./Drivers/BSP/Components/ili9341/ili9341.o
 .ARM.attributes
                0x000001af       0x34 ./Drivers/BSP/my_Board/stm32f429i_discovery.o
 .ARM.attributes
                0x000001e3       0x34 ./Drivers/BSP/my_Board/stm32f429i_discovery_lcd.o
 .ARM.attributes
                0x00000217       0x34 ./Drivers/BSP/my_Board/stm32f429i_discovery_sdram.o
 .ARM.attributes
                0x0000024b       0x34 ./Drivers/STM32F4xx_HAL_Driver/Src/stm32f4xx_hal.o
 .ARM.attributes
                0x0000027f       0x34 ./Drivers/STM32F4xx_HAL_Driver/Src/stm32f4xx_hal_cortex.o
 .ARM.attributes
                0x000002b3       0x34 ./Drivers/STM32F4xx_HAL_Driver/Src/stm32f4xx_hal_dac.o
 .ARM.attributes
                0x000002e7       0x34 ./Drivers/STM32F4xx_HAL_Driver/Src/stm32f4xx_hal_dac_ex.o
 .ARM.attributes
                0x0000031b       0x34 ./Drivers/STM32F4xx_HAL_Driver/Src/stm32f4xx_hal_dma.o
 .ARM.attributes
                0x0000034f       0x34 ./Drivers/STM32F4xx_HAL_Driver/Src/stm32f4xx_hal_dma2d.o
 .ARM.attributes
                0x00000383       0x34 ./Drivers/STM32F4xx_HAL_Driver/Src/stm32f4xx_hal_gpio.o
 .ARM.attributes
                0x000003b7       0x34 ./Drivers/STM32F4xx_HAL_Driver/Src/stm32f4xx_hal_i2c.o
 .ARM.attributes
                0x000003eb       0x34 ./Drivers/STM32F4xx_HAL_Driver/Src/stm32f4xx_hal_i2c_ex.o
 .ARM.attributes
                0x0000041f       0x34 ./Drivers/STM32F4xx_HAL_Driver/Src/stm32f4xx_hal_ltdc.o
 .ARM.attributes
                0x00000453       0x34 ./Drivers/STM32F4xx_HAL_Driver/Src/stm32f4xx_hal_pcd.o
 .ARM.attributes
                0x00000487       0x34 ./Drivers/STM32F4xx_HAL_Driver/Src/stm32f4xx_hal_pcd_ex.o
 .ARM.attributes
                0x000004bb       0x34 ./Drivers/STM32F4xx_HAL_Driver/Src/stm32f4xx_hal_rcc.o
 .ARM.attributes
                0x000004ef       0x34 ./Drivers/STM32F4xx_HAL_Driver/Src/stm32f4xx_hal_rcc_ex.o
 .ARM.attributes
                0x00000523       0x34 ./Drivers/STM32F4xx_HAL_Driver/Src/stm32f4xx_hal_sdram.o
 .ARM.attributes
                0x00000557       0x34 ./Drivers/STM32F4xx_HAL_Driver/Src/stm32f4xx_hal_spi.o
 .ARM.attributes
                0x0000058b       0x34 ./Drivers/STM32F4xx_HAL_Driver/Src/stm32f4xx_hal_tim.o
 .ARM.attributes
                0x000005bf       0x34 ./Drivers/STM32F4xx_HAL_Driver/Src/stm32f4xx_hal_tim_ex.o
 .ARM.attributes
                0x000005f3       0x34 ./Drivers/STM32F4xx_HAL_Driver/Src/stm32f4xx_hal_uart.o
 .ARM.attributes
                0x00000627       0x34 ./Drivers/STM32F4xx_HAL_Driver/Src/stm32f4xx_ll_fmc.o
 .ARM.attributes
                0x0000065b       0x34 ./Drivers/STM32F4xx_HAL_Driver/Src/stm32f4xx_ll_usb.o
 .ARM.attributes
                0x0000068f       0x34 ./Middlewares/ST/STM32_USB_Device_Library/Class/HID/Src/usbd_hid.o
 .ARM.attributes
                0x000006c3       0x34 ./Middlewares/ST/STM32_USB_Device_Library/Core/Src/usbd_core.o
 .ARM.attributes
                0x000006f7       0x34 ./Middlewares/ST/STM32_USB_Device_Library/Core/Src/usbd_ctlreq.o
 .ARM.attributes
                0x0000072b       0x34 ./Middlewares/ST/STM32_USB_Device_Library/Core/Src/usbd_ioreq.o
 .ARM.attributes
                0x0000075f       0x34 ./USB_DEVICE/App/usb_device.o
 .ARM.attributes
                0x00000793       0x34 ./USB_DEVICE/App/usbd_desc.o
 .ARM.attributes
                0x000007c7       0x34 ./USB_DEVICE/Target/usbd_conf.o
 .ARM.attributes
                0x000007fb       0x34 /opt/st/stm32cubeide_1.19.0/plugins/com.st.stm32cube.ide.mcu.externaltools.gnu-tools-for-stm32.13.3.rel1.linux64_1.0.0.202410170706/tools/bin/../lib/gcc/arm-none-eabi/13.3.1/../../../../arm-none-eabi/lib/thumb/v7e-m+fp/hard/libc_nano.a(libc_a-memset.o)
 .ARM.attributes
                0x0000082f       0x34 /opt/st/stm32cubeide_1.19.0/plugins/com.st.stm32cube.ide.mcu.externaltools.gnu-tools-for-stm32.13.3.rel1.linux64_1.0.0.202410170706/tools/bin/../lib/gcc/arm-none-eabi/13.3.1/../../../../arm-none-eabi/lib/thumb/v7e-m+fp/hard/libc_nano.a(libc_a-init.o)
 .ARM.attributes
                0x00000863       0x22 /opt/st/stm32cubeide_1.19.0/plugins/com.st.stm32cube.ide.mcu.externaltools.gnu-tools-for-stm32.13.3.rel1.linux64_1.0.0.202410170706/tools/bin/../lib/gcc/arm-none-eabi/13.3.1/thumb/v7e-m+fp/hard/libgcc.a(_aeabi_uldivmod.o)
 .ARM.attributes
                0x00000885       0x34 /opt/st/stm32cubeide_1.19.0/plugins/com.st.stm32cube.ide.mcu.externaltools.gnu-tools-for-stm32.13.3.rel1.linux64_1.0.0.202410170706/tools/bin/../lib/gcc/arm-none-eabi/13.3.1/thumb/v7e-m+fp/hard/libgcc.a(_udivmoddi4.o)
 .ARM.attributes
                0x000008b9       0x22 /opt/st/stm32cubeide_1.19.0/plugins/com.st.stm32cube.ide.mcu.externaltools.gnu-tools-for-stm32.13.3.rel1.linux64_1.0.0.202410170706/tools/bin/../lib/gcc/arm-none-eabi/13.3.1/thumb/v7e-m+fp/hard/libgcc.a(_dvmd_tls.o)
 .ARM.attributes
                0x000008db       0x22 /opt/st/stm32cubeide_1.19.0/plugins/com.st.stm32cube.ide.mcu.externaltools.gnu-tools-for-stm32.13.3.rel1.linux64_1.0.0.202410170706/tools/bin/../lib/gcc/arm-none-eabi/13.3.1/thumb/v7e-m+fp/hard/crtn.o
OUTPUT(MIDI_Synth_v2.elf elf32-littlearm)
LOAD linker stubs
LOAD /opt/st/stm32cubeide_1.19.0/plugins/com.st.stm32cube.ide.mcu.externaltools.gnu-tools-for-stm32.13.3.rel1.linux64_1.0.0.202410170706/tools/bin/../lib/gcc/arm-none-eabi/13.3.1/../../../../arm-none-eabi/lib/thumb/v7e-m+fp/hard/libc.a
LOAD /opt/st/stm32cubeide_1.19.0/plugins/com.st.stm32cube.ide.mcu.externaltools.gnu-tools-for-stm32.13.3.rel1.linux64_1.0.0.202410170706/tools/bin/../lib/gcc/arm-none-eabi/13.3.1/../../../../arm-none-eabi/lib/thumb/v7e-m+fp/hard/libm.a
LOAD /opt/st/stm32cubeide_1.19.0/plugins/com.st.stm32cube.ide.mcu.externaltools.gnu-tools-for-stm32.13.3.rel1.linux64_1.0.0.202410170706/tools/bin/../lib/gcc/arm-none-eabi/13.3.1/thumb/v7e-m+fp/hard/libgcc.a

.debug_info     0x00000000    0x26d84
 .debug_info    0x00000000      0xb75 ./Core/Src/audio_engine.o
 .debug_info    0x00000b75     0x29df ./Core/Src/main.o
 .debug_info    0x00003554     0x213a ./Core/Src/stm32f4xx_hal_msp.o
 .debug_info    0x0000568e      0x891 ./Core/Src/stm32f4xx_it.o
 .debug_info    0x00005f1f      0x52e ./Core/Src/system_stm32f4xx.o
 .debug_info    0x0000644d       0x30 ./Core/Startup/startup_stm32f429zitx.o
 .debug_info    0x0000647d      0x200 ./Drivers/BSP/Components/ili9341/ili9341.o
 .debug_info    0x0000667d     0x199a ./Drivers/BSP/my_Board/stm32f429i_discovery.o
 .debug_info    0x00008017     0x2486 ./Drivers/BSP/my_Board/stm32f429i_discovery_lcd.o
 .debug_info    0x0000a49d     0x1010 ./Drivers/BSP/my_Board/stm32f429i_discovery_sdram.o
 .debug_info    0x0000b4ad      0x9ba ./Drivers/STM32F4xx_HAL_Driver/Src/stm32f4xx_hal.o
 .debug_info    0x0000be67      0xdc2 ./Drivers/STM32F4xx_HAL_Driver/Src/stm32f4xx_hal_cortex.o
 .debug_info    0x0000cc29      0xa01 ./Drivers/STM32F4xx_HAL_Driver/Src/stm32f4xx_hal_dac.o
 .debug_info    0x0000d62a      0x750 ./Drivers/STM32F4xx_HAL_Driver/Src/stm32f4xx_hal_dac_ex.o
 .debug_info    0x0000dd7a      0x8e7 ./Drivers/STM32F4xx_HAL_Driver/Src/stm32f4xx_hal_dma.o
 .debug_info    0x0000e661      0xe82 ./Drivers/STM32F4xx_HAL_Driver/Src/stm32f4xx_hal_dma2d.o
 .debug_info    0x0000f4e3      0x6db ./Drivers/STM32F4xx_HAL_Driver/Src/stm32f4xx_hal_gpio.o
 .debug_info    0x0000fbbe     0x2421 ./Drivers/STM32F4xx_HAL_Driver/Src/stm32f4xx_hal_i2c.o
 .debug_info    0x00011fdf      0x672 ./Drivers/STM32F4xx_HAL_Driver/Src/stm32f4xx_hal_i2c_ex.o
 .debug_info    0x00012651     0x1031 ./Drivers/STM32F4xx_HAL_Driver/Src/stm32f4xx_hal_ltdc.o
 .debug_info    0x00013682     0x156f ./Drivers/STM32F4xx_HAL_Driver/Src/stm32f4xx_hal_pcd.o
 .debug_info    0x00014bf1      0x6ea ./Drivers/STM32F4xx_HAL_Driver/Src/stm32f4xx_hal_pcd_ex.o
 .debug_info    0x000152db      0x8db ./Drivers/STM32F4xx_HAL_Driver/Src/stm32f4xx_hal_rcc.o
 .debug_info    0x00015bb6      0x64c ./Drivers/STM32F4xx_HAL_Driver/Src/stm32f4xx_hal_rcc_ex.o
 .debug_info    0x00016202      0xed7 ./Drivers/STM32F4xx_HAL_Driver/Src/stm32f4xx_hal_sdram.o
 .debug_info    0x000170d9     0x1525 ./Drivers/STM32F4xx_HAL_Driver/Src/stm32f4xx_hal_spi.o
 .debug_info    0x000185fe     0x299d ./Drivers/STM32F4xx_HAL_Driver/Src/stm32f4xx_hal_tim.o
 .debug_info    0x0001af9b     0x14db ./Drivers/STM32F4xx_HAL_Driver/Src/stm32f4xx_hal_tim_ex.o
 .debug_info    0x0001c476     0x2f4f ./Drivers/STM32F4xx_HAL_Driver/Src/stm32f4xx_hal_uart.o
 .debug_info    0x0001f3c5      0xe2d ./Drivers/STM32F4xx_HAL_Driver/Src/stm32f4xx_ll_fmc.o
 .debug_info    0x000201f2     0x1993 ./Drivers/STM32F4xx_HAL_Driver/Src/stm32f4xx_ll_usb.o
 .debug_info    0x00021b85      0xa91 ./Middlewares/ST/STM32_USB_Device_Library/Class/HID/Src/usbd_hid.o
 .debug_info    0x00022616      0xe12 ./Middlewares/ST/STM32_USB_Device_Library/Core/Src/usbd_core.o
 .debug_info    0x00023428      0xaeb ./Middlewares/ST/STM32_USB_Device_Library/Core/Src/usbd_ctlreq.o
 .debug_info    0x00023f13      0x762 ./Middlewares/ST/STM32_USB_Device_Library/Core/Src/usbd_ioreq.o
 .debug_info    0x00024675      0x5fc ./USB_DEVICE/App/usb_device.o
 .debug_info    0x00024c71      0x458 ./USB_DEVICE/App/usbd_desc.o
 .debug_info    0x000250c9     0x1cbb ./USB_DEVICE/Target/usbd_conf.o

.debug_abbrev   0x00000000     0x5577
 .debug_abbrev  0x00000000      0x24f ./Core/Src/audio_engine.o
 .debug_abbrev  0x0000024f      0x3ad ./Core/Src/main.o
 .debug_abbrev  0x000005fc      0x2df ./Core/Src/stm32f4xx_hal_msp.o
 .debug_abbrev  0x000008db      0x1d2 ./Core/Src/stm32f4xx_it.o
 .debug_abbrev  0x00000aad      0x11a ./Core/Src/system_stm32f4xx.o
 .debug_abbrev  0x00000bc7       0x24 ./Core/Startup/startup_stm32f429zitx.o
 .debug_abbrev  0x00000beb      0x122 ./Drivers/BSP/Components/ili9341/ili9341.o
 .debug_abbrev  0x00000d0d      0x2fc ./Drivers/BSP/my_Board/stm32f429i_discovery.o
 .debug_abbrev  0x00001009      0x340 ./Drivers/BSP/my_Board/stm32f429i_discovery_lcd.o
 .debug_abbrev  0x00001349      0x286 ./Drivers/BSP/my_Board/stm32f429i_discovery_sdram.o
 .debug_abbrev  0x000015cf      0x214 ./Drivers/STM32F4xx_HAL_Driver/Src/stm32f4xx_hal.o
 .debug_abbrev  0x000017e3      0x31d ./Drivers/STM32F4xx_HAL_Driver/Src/stm32f4xx_hal_cortex.o
 .debug_abbrev  0x00001b00      0x1fa ./Drivers/STM32F4xx_HAL_Driver/Src/stm32f4xx_hal_dac.o
 .debug_abbrev  0x00001cfa      0x1ef ./Drivers/STM32F4xx_HAL_Driver/Src/stm32f4xx_hal_dac_ex.o
 .debug_abbrev  0x00001ee9      0x264 ./Drivers/STM32F4xx_HAL_Driver/Src/stm32f4xx_hal_dma.o
 .debug_abbrev  0x0000214d      0x23e ./Drivers/STM32F4xx_HAL_Driver/Src/stm32f4xx_hal_dma2d.o
 .debug_abbrev  0x0000238b      0x1d4 ./Drivers/STM32F4xx_HAL_Driver/Src/stm32f4xx_hal_gpio.o
 .debug_abbrev  0x0000255f      0x2ad ./Drivers/STM32F4xx_HAL_Driver/Src/stm32f4xx_hal_i2c.o
 .debug_abbrev  0x0000280c      0x157 ./Drivers/STM32F4xx_HAL_Driver/Src/stm32f4xx_hal_i2c_ex.o
 .debug_abbrev  0x00002963      0x23a ./Drivers/STM32F4xx_HAL_Driver/Src/stm32f4xx_hal_ltdc.o
 .debug_abbrev  0x00002b9d      0x2b9 ./Drivers/STM32F4xx_HAL_Driver/Src/stm32f4xx_hal_pcd.o
 .debug_abbrev  0x00002e56      0x1da ./Drivers/STM32F4xx_HAL_Driver/Src/stm32f4xx_hal_pcd_ex.o
 .debug_abbrev  0x00003030      0x2b7 ./Drivers/STM32F4xx_HAL_Driver/Src/stm32f4xx_hal_rcc.o
 .debug_abbrev  0x000032e7      0x1b0 ./Drivers/STM32F4xx_HAL_Driver/Src/stm32f4xx_hal_rcc_ex.o
 .debug_abbrev  0x00003497      0x227 ./Drivers/STM32F4xx_HAL_Driver/Src/stm32f4xx_hal_sdram.o
 .debug_abbrev  0x000036be      0x27a ./Drivers/STM32F4xx_HAL_Driver/Src/stm32f4xx_hal_spi.o
 .debug_abbrev  0x00003938      0x278 ./Drivers/STM32F4xx_HAL_Driver/Src/stm32f4xx_hal_tim.o
 .debug_abbrev  0x00003bb0      0x283 ./Drivers/STM32F4xx_HAL_Driver/Src/stm32f4xx_hal_tim_ex.o
 .debug_abbrev  0x00003e33      0x30e ./Drivers/STM32F4xx_HAL_Driver/Src/stm32f4xx_hal_uart.o
 .debug_abbrev  0x00004141      0x1ac ./Drivers/STM32F4xx_HAL_Driver/Src/stm32f4xx_ll_fmc.o
 .debug_abbrev  0x000042ed      0x2b3 ./Drivers/STM32F4xx_HAL_Driver/Src/stm32f4xx_ll_usb.o
 .debug_abbrev  0x000045a0      0x2a2 ./Middlewares/ST/STM32_USB_Device_Library/Class/HID/Src/usbd_hid.o
 .debug_abbrev  0x00004842      0x27c ./Middlewares/ST/STM32_USB_Device_Library/Core/Src/usbd_core.o
 .debug_abbrev  0x00004abe      0x26f ./Middlewares/ST/STM32_USB_Device_Library/Core/Src/usbd_ctlreq.o
 .debug_abbrev  0x00004d2d      0x19a ./Middlewares/ST/STM32_USB_Device_Library/Core/Src/usbd_ioreq.o
 .debug_abbrev  0x00004ec7      0x190 ./USB_DEVICE/App/usb_device.o
 .debug_abbrev  0x00005057      0x1e1 ./USB_DEVICE/App/usbd_desc.o
 .debug_abbrev  0x00005238      0x33f ./USB_DEVICE/Target/usbd_conf.o

.debug_aranges  0x00000000     0x2238
 .debug_aranges
                0x00000000       0x58 ./Core/Src/audio_engine.o
 .debug_aranges
                0x00000058       0x98 ./Core/Src/main.o
 .debug_aranges
                0x000000f0       0xb0 ./Core/Src/stm32f4xx_hal_msp.o
 .debug_aranges
                0x000001a0       0x70 ./Core/Src/stm32f4xx_it.o
 .debug_aranges
                0x00000210       0x28 ./Core/Src/system_stm32f4xx.o
 .debug_aranges
                0x00000238       0x28 ./Core/Startup/startup_stm32f429zitx.o
 .debug_aranges
                0x00000260       0x60 ./Drivers/BSP/Components/ili9341/ili9341.o
 .debug_aranges
                0x000002c0      0x138 ./Drivers/BSP/my_Board/stm32f429i_discovery.o
 .debug_aranges
                0x000003f8      0x1a8 ./Drivers/BSP/my_Board/stm32f429i_discovery_lcd.o
 .debug_aranges
                0x000005a0       0x68 ./Drivers/BSP/my_Board/stm32f429i_discovery_sdram.o
 .debug_aranges
                0x00000608      0x100 ./Drivers/STM32F4xx_HAL_Driver/Src/stm32f4xx_hal.o
 .debug_aranges
                0x00000708      0x130 ./Drivers/STM32F4xx_HAL_Driver/Src/stm32f4xx_hal_cortex.o
 .debug_aranges
                0x00000838       0xc0 ./Drivers/STM32F4xx_HAL_Driver/Src/stm32f4xx_hal_dac.o
 .debug_aranges
                0x000008f8       0x80 ./Drivers/STM32F4xx_HAL_Driver/Src/stm32f4xx_hal_dac_ex.o
 .debug_aranges
                0x00000978       0x90 ./Drivers/STM32F4xx_HAL_Driver/Src/stm32f4xx_hal_dma.o
 .debug_aranges
                0x00000a08      0x118 ./Drivers/STM32F4xx_HAL_Driver/Src/stm32f4xx_hal_dma2d.o
 .debug_aranges
                0x00000b20       0x58 ./Drivers/STM32F4xx_HAL_Driver/Src/stm32f4xx_hal_gpio.o
 .debug_aranges
                0x00000b78      0x2a8 ./Drivers/STM32F4xx_HAL_Driver/Src/stm32f4xx_hal_i2c.o
 .debug_aranges
                0x00000e20       0x28 ./Drivers/STM32F4xx_HAL_Driver/Src/stm32f4xx_hal_i2c_ex.o
 .debug_aranges
                0x00000e48      0x158 ./Drivers/STM32F4xx_HAL_Driver/Src/stm32f4xx_hal_ltdc.o
 .debug_aranges
                0x00000fa0      0x148 ./Drivers/STM32F4xx_HAL_Driver/Src/stm32f4xx_hal_pcd.o
 .debug_aranges
                0x000010e8       0x38 ./Drivers/STM32F4xx_HAL_Driver/Src/stm32f4xx_hal_pcd_ex.o
 .debug_aranges
                0x00001120       0x88 ./Drivers/STM32F4xx_HAL_Driver/Src/stm32f4xx_hal_rcc.o
 .debug_aranges
                0x000011a8       0x58 ./Drivers/STM32F4xx_HAL_Driver/Src/stm32f4xx_hal_rcc_ex.o
 .debug_aranges
                0x00001200       0xe8 ./Drivers/STM32F4xx_HAL_Driver/Src/stm32f4xx_hal_sdram.o
 .debug_aranges
                0x000012e8      0x1d0 ./Drivers/STM32F4xx_HAL_Driver/Src/stm32f4xx_hal_spi.o
 .debug_aranges
                0x000014b8      0x3d0 ./Drivers/STM32F4xx_HAL_Driver/Src/stm32f4xx_hal_tim.o
 .debug_aranges
                0x00001888      0x168 ./Drivers/STM32F4xx_HAL_Driver/Src/stm32f4xx_hal_tim_ex.o
 .debug_aranges
                0x000019f0      0x208 ./Drivers/STM32F4xx_HAL_Driver/Src/stm32f4xx_hal_uart.o
 .debug_aranges
                0x00001bf8       0xf0 ./Drivers/STM32F4xx_HAL_Driver/Src/stm32f4xx_ll_fmc.o
 .debug_aranges
                0x00001ce8      0x1a0 ./Drivers/STM32F4xx_HAL_Driver/Src/stm32f4xx_ll_usb.o
 .debug_aranges
                0x00001e88       0x68 ./Middlewares/ST/STM32_USB_Device_Library/Class/HID/Src/usbd_hid.o
 .debug_aranges
                0x00001ef0       0xd8 ./Middlewares/ST/STM32_USB_Device_Library/Core/Src/usbd_core.o
 .debug_aranges
                0x00001fc8       0x90 ./Middlewares/ST/STM32_USB_Device_Library/Core/Src/usbd_ctlreq.o
 .debug_aranges
                0x00002058       0x50 ./Middlewares/ST/STM32_USB_Device_Library/Core/Src/usbd_ioreq.o
 .debug_aranges
                0x000020a8       0x20 ./USB_DEVICE/App/usb_device.o
 .debug_aranges
                0x000020c8       0x60 ./USB_DEVICE/App/usbd_desc.o
 .debug_aranges
                0x00002128      0x110 ./USB_DEVICE/Target/usbd_conf.o

.debug_rnglists
                0x00000000     0x1a84
 .debug_rnglists
                0x00000000       0x3f ./Core/Src/audio_engine.o
 .debug_rnglists
                0x0000003f       0x74 ./Core/Src/main.o
 .debug_rnglists
                0x000000b3       0x86 ./Core/Src/stm32f4xx_hal_msp.o
 .debug_rnglists
                0x00000139       0x4f ./Core/Src/stm32f4xx_it.o
 .debug_rnglists
                0x00000188       0x1a ./Core/Src/system_stm32f4xx.o
 .debug_rnglists
                0x000001a2       0x19 ./Core/Startup/startup_stm32f429zitx.o