../Core/Src/audio_engine.c:22:6:AudioEngine_Init	16	static
../Core/Src/audio_engine.c:37:6:AudioEngine_PlayTestTone	4	static
../Core/Src/audio_engine.c:42:6:AudioEngine_PlayNote	16	static
../Core/Src/audio_engine.c:47:6:AudioEngine_Stop	4	static
../Core/Src/audio_engine.c:51:6:AudioEngine_ProcessBuffer	8	static
../Core/Src/audio_engine.c:55:6:fill_audio_buffer	24	static
../Core/Src/audio_engine.c:75:6:HAL_DAC_ConvCpltCallbackCh2	16	static
../Core/Src/audio_engine.c:79:6:HAL_DAC_ConvHalfCpltCallbackCh2	16	static
