../Core/Src/main.c:114:7:MIDINoteToFrequency	16	static
../Core/Src/main.c:118:5:_write	24	static
../Core/Src/main.c:127:9:CheckUserButton	8	static
../Core/Src/main.c:144:5:main	8	static
../Core/Src/main.c:205:6:SystemClock_Config	88	static
../Core/Src/main.c:251:13:MX_DAC_Init	16	static
../Core/Src/main.c:291:13:MX_DMA2D_Init	8	static
../Core/Src/main.c:328:13:MX_I2C3_Init	8	static
../Core/Src/main.c:376:13:MX_LTDC_Init	64	static
../Core/Src/main.c:438:13:MX_SPI5_Init	8	static
../Core/Src/main.c:476:13:MX_TIM6_Init	16	static
../Core/Src/main.c:514:13:MX_USART1_UART_Init	8	static
../Core/Src/main.c:545:13:MX_DMA_Init	16	static
../Core/Src/main.c:559:13:MX_FMC_Init	40	static
../Core/Src/main.c:610:13:MX_GPIO_Init	64	static
../Core/Src/main.c:698:6:PlayDemo	40	static
../Core/Src/main.c:784:6:USBD_MIDI_OnPacketsReceived	48	static
../Core/Src/main.c:820:6:I2C3_ClearBusyFlagErratum	40	static
../Core/Src/main.c:859:6:I2Cx_Write	32	static
../Core/Src/main.c:869:9:I2Cx_Read	40	static
../Core/Src/main.c:886:6:I2Cx_ReadBuffer	32	static
../Core/Src/main.c:896:6:Error_Handler	4	static,ignoring_inline_asm
