../Core/Src/stm32f4xx_hal_msp.c:64:6:HAL_MspInit	16	static
../Core/Src/stm32f4xx_hal_msp.c:89:6:HAL_DAC_MspInit	48	static
../Core/Src/stm32f4xx_hal_msp.c:142:6:HAL_DAC_MspDeInit	16	static
../Core/Src/stm32f4xx_hal_msp.c:172:6:HAL_DMA2D_MspInit	24	static
../Core/Src/stm32f4xx_hal_msp.c:195:6:HAL_DMA2D_MspDeInit	16	static
../Core/Src/stm32f4xx_hal_msp.c:217:6:HAL_I2C_MspInit	48	static
../Core/Src/stm32f4xx_hal_msp.c:262:6:HAL_I2C_MspDeInit	16	static
../Core/Src/stm32f4xx_hal_msp.c:293:6:HAL_LTDC_MspInit	112	static
../Core/Src/stm32f4xx_hal_msp.c:418:6:HAL_LTDC_MspDeInit	16	static
../Core/Src/stm32f4xx_hal_msp.c:480:6:HAL_SPI_MspInit	48	static
../Core/Src/stm32f4xx_hal_msp.c:518:6:HAL_SPI_MspDeInit	16	static
../Core/Src/stm32f4xx_hal_msp.c:548:6:HAL_TIM_Base_MspInit	24	static
../Core/Src/stm32f4xx_hal_msp.c:571:6:HAL_TIM_Base_MspDeInit	16	static
../Core/Src/stm32f4xx_hal_msp.c:593:6:HAL_UART_MspInit	48	static
../Core/Src/stm32f4xx_hal_msp.c:630:6:HAL_UART_MspDeInit	16	static
../Core/Src/stm32f4xx_hal_msp.c:655:13:HAL_FMC_MspInit	32	static
../Core/Src/stm32f4xx_hal_msp.c:762:6:HAL_SDRAM_MspInit	16	static
../Core/Src/stm32f4xx_hal_msp.c:774:13:HAL_FMC_MspDeInit	8	static
../Core/Src/stm32f4xx_hal_msp.c:849:6:HAL_SDRAM_MspDeInit	16	static
