../Drivers/BSP/my_Board/stm32f429i_discovery_io.c:90:9:BSP_IO_Init	16	static
../Drivers/BSP/my_Board/stm32f429i_discovery_io.c:116:9:BSP_IO_ITGetStatus	16	static
../Drivers/BSP/my_Board/stm32f429i_discovery_io.c:125:6:BSP_IO_ITClear	8	static
../Drivers/BSP/my_Board/stm32f429i_discovery_io.c:144:6:BSP_IO_ConfigPin	16	static
../Drivers/BSP/my_Board/stm32f429i_discovery_io.c:156:6:BSP_IO_WritePin	16	static
../Drivers/BSP/my_Board/stm32f429i_discovery_io.c:168:10:BSP_IO_ReadPin	16	static
../Drivers/BSP/my_Board/stm32f429i_discovery_io.c:178:6:BSP_IO_TogglePin	16	static
