../Drivers/BSP/my_Board/stm32f429i_discovery_lcd.c:140:9:BSP_LCD_Init	8	static
../Drivers/BSP/my_Board/stm32f429i_discovery_lcd.c:223:10:BSP_LCD_GetXSize	8	static
../Drivers/BSP/my_Board/stm32f429i_discovery_lcd.c:232:10:BSP_LCD_GetYSize	8	static
../Drivers/BSP/my_Board/stm32f429i_discovery_lcd.c:242:6:BSP_LCD_LayerDefaultInit	72	static
../Drivers/BSP/my_Board/stm32f429i_discovery_lcd.c:277:6:BSP_LCD_SelectLayer	16	static
../Drivers/BSP/my_Board/stm32f429i_discovery_lcd.c:288:6:BSP_LCD_SetLayerVisible	16	static
../Drivers/BSP/my_Board/stm32f429i_discovery_lcd.c:310:6:BSP_LCD_SetLayerVisible_NoReload	16	static
../Drivers/BSP/my_Board/stm32f429i_discovery_lcd.c:329:6:BSP_LCD_SetTransparency	16	static
../Drivers/BSP/my_Board/stm32f429i_discovery_lcd.c:341:6:BSP_LCD_SetTransparency_NoReload	16	static
../Drivers/BSP/my_Board/stm32f429i_discovery_lcd.c:351:6:BSP_LCD_SetLayerAddress	16	static
../Drivers/BSP/my_Board/stm32f429i_discovery_lcd.c:362:6:BSP_LCD_SetLayerAddress_NoReload	16	static
../Drivers/BSP/my_Board/stm32f429i_discovery_lcd.c:375:6:BSP_LCD_SetLayerWindow	24	static
../Drivers/BSP/my_Board/stm32f429i_discovery_lcd.c:393:6:BSP_LCD_SetLayerWindow_NoReload	24	static
../Drivers/BSP/my_Board/stm32f429i_discovery_lcd.c:407:6:BSP_LCD_SetColorKeying	16	static
../Drivers/BSP/my_Board/stm32f429i_discovery_lcd.c:420:6:BSP_LCD_SetColorKeying_NoReload	16	static
../Drivers/BSP/my_Board/stm32f429i_discovery_lcd.c:431:6:BSP_LCD_ResetColorKeying	16	static
../Drivers/BSP/my_Board/stm32f429i_discovery_lcd.c:442:6:BSP_LCD_ResetColorKeying_NoReload	16	static
../Drivers/BSP/my_Board/stm32f429i_discovery_lcd.c:455:6:BSP_LCD_Relaod	16	static
../Drivers/BSP/my_Board/stm32f429i_discovery_lcd.c:464:10:BSP_LCD_GetTextColor	4	static
../Drivers/BSP/my_Board/stm32f429i_discovery_lcd.c:473:10:BSP_LCD_GetBackColor	4	static
../Drivers/BSP/my_Board/stm32f429i_discovery_lcd.c:482:6:BSP_LCD_SetTextColor	16	static
../Drivers/BSP/my_Board/stm32f429i_discovery_lcd.c:491:6:BSP_LCD_SetBackColor	16	static
../Drivers/BSP/my_Board/stm32f429i_discovery_lcd.c:500:6:BSP_LCD_SetFont	16	static
../Drivers/BSP/my_Board/stm32f429i_discovery_lcd.c:509:8:BSP_LCD_GetFont	4	static
../Drivers/BSP/my_Board/stm32f429i_discovery_lcd.c:520:10:BSP_LCD_ReadPixel	32	static
../Drivers/BSP/my_Board/stm32f429i_discovery_lcd.c:554:6:BSP_LCD_Clear	40	static
../Drivers/BSP/my_Board/stm32f429i_discovery_lcd.c:565:6:BSP_LCD_ClearStringLine	32	static
../Drivers/BSP/my_Board/stm32f429i_discovery_lcd.c:584:6:BSP_LCD_DisplayChar	24	static
../Drivers/BSP/my_Board/stm32f429i_discovery_lcd.c:601:6:BSP_LCD_DisplayStringAt	48	static
../Drivers/BSP/my_Board/stm32f429i_discovery_lcd.c:656:6:BSP_LCD_DisplayStringAtLine	16	static
../Drivers/BSP/my_Board/stm32f429i_discovery_lcd.c:667:6:BSP_LCD_DrawHLine	40	static
../Drivers/BSP/my_Board/stm32f429i_discovery_lcd.c:684:6:BSP_LCD_DrawVLine	48	static
../Drivers/BSP/my_Board/stm32f429i_discovery_lcd.c:702:6:BSP_LCD_DrawLine	56	static
../Drivers/BSP/my_Board/stm32f429i_discovery_lcd.c:776:6:BSP_LCD_DrawRect	24	static
../Drivers/BSP/my_Board/stm32f429i_discovery_lcd.c:793:6:BSP_LCD_DrawCircle	40	static
../Drivers/BSP/my_Board/stm32f429i_discovery_lcd.c:832:6:BSP_LCD_DrawPolygon	32	static
../Drivers/BSP/my_Board/stm32f429i_discovery_lcd.c:859:6:BSP_LCD_DrawEllipse	64	static
../Drivers/BSP/my_Board/stm32f429i_discovery_lcd.c:892:6:BSP_LCD_DrawBitmap	56	static
../Drivers/BSP/my_Board/stm32f429i_discovery_lcd.c:949:6:BSP_LCD_FillRect	48	static
../Drivers/BSP/my_Board/stm32f429i_discovery_lcd.c:970:6:BSP_LCD_FillCircle	32	static
../Drivers/BSP/my_Board/stm32f429i_discovery_lcd.c:1021:6:BSP_LCD_FillTriangle	56	static
../Drivers/BSP/my_Board/stm32f429i_discovery_lcd.c:1094:6:BSP_LCD_FillPolygon	64	static
../Drivers/BSP/my_Board/stm32f429i_discovery_lcd.c:1162:6:BSP_LCD_FillEllipse	56	static
../Drivers/BSP/my_Board/stm32f429i_discovery_lcd.c:1189:6:BSP_LCD_DisplayOn	8	static
../Drivers/BSP/my_Board/stm32f429i_discovery_lcd.c:1200:6:BSP_LCD_DisplayOff	8	static
../Drivers/BSP/my_Board/stm32f429i_discovery_lcd.c:1215:13:BSP_LCD_MspInit	64	static
../Drivers/BSP/my_Board/stm32f429i_discovery_lcd.c:1299:6:BSP_LCD_DrawPixel	24	static
../Drivers/BSP/my_Board/stm32f429i_discovery_lcd.c:1311:13:DrawChar	40	static
../Drivers/BSP/my_Board/stm32f429i_discovery_lcd.c:1368:13:FillBuffer	32	static
../Drivers/BSP/my_Board/stm32f429i_discovery_lcd.c:1400:13:ConvertLineToARGB8888	32	static
